
Memory Configuration

Name             Origin             Length             Attributes
flash            0x08000000         0x00020000         xr
sran             0x02000000         0x00005000         xrw
sram             0x00000000         0xffffffff
*default*        0x00000000         0xffffffff

Linker script and memory map


.text           0x08000000      0x133
 *(.vectors*)
 .vectors       0x08000000       0x50 startup.o
 *(.text*)
 .text          0x08000050       0xd4 main.o
                0x08000050                main
 .text          0x08000124        0xc startup.o
 *(.rodata)
 .rodata        0x08000130        0x3 main.o
                0x08000130                c_variable

.glue_7         0x08000134        0x0
 .glue_7        0x08000134        0x0 linker stubs

.glue_7t        0x08000134        0x0
 .glue_7t       0x08000134        0x0 linker stubs

.vfp11_veneer   0x08000134        0x0
 .vfp11_veneer  0x08000134        0x0 linker stubs

.v4_bx          0x08000134        0x0
 .v4_bx         0x08000134        0x0 linker stubs

.iplt           0x08000134        0x0
 .iplt          0x08000134        0x0 main.o

.rel.dyn        0x08000134        0x0
 .rel.iplt      0x08000134        0x0 main.o

.data           0x08000134        0x8
 *(.data)
 .data          0x08000134        0x8 main.o
                0x08000134                g_variable
                0x08000138                R_ODR
 .data          0x0800013c        0x0 startup.o

.igot.plt       0x0800013c        0x0
 .igot.plt      0x0800013c        0x0 main.o

.bss            0x00000000        0x0
 *(.bss)
 .bss           0x00000000        0x0 main.o
 .bss           0x00000000        0x0 startup.o
LOAD main.o
LOAD startup.o
OUTPUT(learn-in-depth.elf elf32-littlearm)

.debug_info     0x00000000      0xa96
 .debug_info    0x00000000      0xa70 main.o
 .debug_info    0x00000a70       0x26 startup.o

.debug_abbrev   0x00000000      0x1eb
 .debug_abbrev  0x00000000      0x1d7 main.o
 .debug_abbrev  0x000001d7       0x14 startup.o

.debug_loc      0x00000000       0x2c
 .debug_loc     0x00000000       0x2c main.o

.debug_aranges  0x00000000       0x40
 .debug_aranges
                0x00000000       0x20 main.o
 .debug_aranges
                0x00000020       0x20 startup.o

.debug_line     0x00000000      0x178
 .debug_line    0x00000000      0x13d main.o
 .debug_line    0x0000013d       0x3b startup.o

.debug_str      0x00000000      0x522
 .debug_str     0x00000000      0x509 main.o
                                0x561 (size before relaxing)
 .debug_str     0x00000509       0x19 startup.o
                                 0x59 (size before relaxing)

.comment        0x00000000       0x7e
 .comment       0x00000000       0x7e main.o
                                 0x7f (size before relaxing)

.ARM.attributes
                0x00000000       0x30
 .ARM.attributes
                0x00000000       0x32 main.o
 .ARM.attributes
                0x00000032       0x22 startup.o

.debug_frame    0x00000000       0x28
 .debug_frame   0x00000000       0x28 main.o
