Archive member included to satisfy reference by file (symbol)

c:/st/stm32cubeide_1.11.2/stm32cubeide/plugins/com.st.stm32cube.ide.mcu.externaltools.gnu-tools-for-stm32.10.3-2021.10.win32_1.0.100.202210260954/tools/bin/../lib/gcc/arm-none-eabi/10.3.1/../../../../arm-none-eabi/lib/thumb/v7-m/nofp\libc_nano.a(lib_a-errno.o)
                              ./Src/syscalls.o (__errno)
c:/st/stm32cubeide_1.11.2/stm32cubeide/plugins/com.st.stm32cube.ide.mcu.externaltools.gnu-tools-for-stm32.10.3-2021.10.win32_1.0.100.202210260954/tools/bin/../lib/gcc/arm-none-eabi/10.3.1/../../../../arm-none-eabi/lib/thumb/v7-m/nofp\libc_nano.a(lib_a-exit.o)
                              c:/st/stm32cubeide_1.11.2/stm32cubeide/plugins/com.st.stm32cube.ide.mcu.externaltools.gnu-tools-for-stm32.10.3-2021.10.win32_1.0.100.202210260954/tools/bin/../lib/gcc/arm-none-eabi/10.3.1/../../../../arm-none-eabi/lib/thumb/v7-m/nofp/crt0.o (exit)
c:/st/stm32cubeide_1.11.2/stm32cubeide/plugins/com.st.stm32cube.ide.mcu.externaltools.gnu-tools-for-stm32.10.3-2021.10.win32_1.0.100.202210260954/tools/bin/../lib/gcc/arm-none-eabi/10.3.1/../../../../arm-none-eabi/lib/thumb/v7-m/nofp\libc_nano.a(lib_a-impure.o)
                              c:/st/stm32cubeide_1.11.2/stm32cubeide/plugins/com.st.stm32cube.ide.mcu.externaltools.gnu-tools-for-stm32.10.3-2021.10.win32_1.0.100.202210260954/tools/bin/../lib/gcc/arm-none-eabi/10.3.1/../../../../arm-none-eabi/lib/thumb/v7-m/nofp\libc_nano.a(lib_a-exit.o) (_global_impure_ptr)
c:/st/stm32cubeide_1.11.2/stm32cubeide/plugins/com.st.stm32cube.ide.mcu.externaltools.gnu-tools-for-stm32.10.3-2021.10.win32_1.0.100.202210260954/tools/bin/../lib/gcc/arm-none-eabi/10.3.1/../../../../arm-none-eabi/lib/thumb/v7-m/nofp\libc_nano.a(lib_a-init.o)
                              c:/st/stm32cubeide_1.11.2/stm32cubeide/plugins/com.st.stm32cube.ide.mcu.externaltools.gnu-tools-for-stm32.10.3-2021.10.win32_1.0.100.202210260954/tools/bin/../lib/gcc/arm-none-eabi/10.3.1/../../../../arm-none-eabi/lib/thumb/v7-m/nofp/crt0.o (__libc_init_array)
c:/st/stm32cubeide_1.11.2/stm32cubeide/plugins/com.st.stm32cube.ide.mcu.externaltools.gnu-tools-for-stm32.10.3-2021.10.win32_1.0.100.202210260954/tools/bin/../lib/gcc/arm-none-eabi/10.3.1/../../../../arm-none-eabi/lib/thumb/v7-m/nofp\libc_nano.a(lib_a-memset.o)
                              c:/st/stm32cubeide_1.11.2/stm32cubeide/plugins/com.st.stm32cube.ide.mcu.externaltools.gnu-tools-for-stm32.10.3-2021.10.win32_1.0.100.202210260954/tools/bin/../lib/gcc/arm-none-eabi/10.3.1/../../../../arm-none-eabi/lib/thumb/v7-m/nofp/crt0.o (memset)
c:/st/stm32cubeide_1.11.2/stm32cubeide/plugins/com.st.stm32cube.ide.mcu.externaltools.gnu-tools-for-stm32.10.3-2021.10.win32_1.0.100.202210260954/tools/bin/../lib/gcc/arm-none-eabi/10.3.1/thumb/v7-m/nofp\libgcc.a(_arm_mulsf3.o)
                              ./Inc/Stm32f103c6_Drivers/MCAL/Timer_2-5/Timer_2_to_5_Program.o (__aeabi_fmul)
c:/st/stm32cubeide_1.11.2/stm32cubeide/plugins/com.st.stm32cube.ide.mcu.externaltools.gnu-tools-for-stm32.10.3-2021.10.win32_1.0.100.202210260954/tools/bin/../lib/gcc/arm-none-eabi/10.3.1/thumb/v7-m/nofp\libgcc.a(_arm_addsubsf3.o)
                              ./Inc/Stm32f103c6_Drivers/MCAL/Timer_2-5/Timer_2_to_5_Program.o (__aeabi_fsub)
c:/st/stm32cubeide_1.11.2/stm32cubeide/plugins/com.st.stm32cube.ide.mcu.externaltools.gnu-tools-for-stm32.10.3-2021.10.win32_1.0.100.202210260954/tools/bin/../lib/gcc/arm-none-eabi/10.3.1/thumb/v7-m/nofp\libgcc.a(_arm_fixunssfsi.o)
                              ./Inc/Stm32f103c6_Drivers/MCAL/Timer_2-5/Timer_2_to_5_Program.o (__aeabi_f2uiz)

Discarded input sections

 .text          0x0000000000000000        0x0 c:/st/stm32cubeide_1.11.2/stm32cubeide/plugins/com.st.stm32cube.ide.mcu.externaltools.gnu-tools-for-stm32.10.3-2021.10.win32_1.0.100.202210260954/tools/bin/../lib/gcc/arm-none-eabi/10.3.1/thumb/v7-m/nofp/crti.o
 .data          0x0000000000000000        0x0 c:/st/stm32cubeide_1.11.2/stm32cubeide/plugins/com.st.stm32cube.ide.mcu.externaltools.gnu-tools-for-stm32.10.3-2021.10.win32_1.0.100.202210260954/tools/bin/../lib/gcc/arm-none-eabi/10.3.1/thumb/v7-m/nofp/crti.o
 .bss           0x0000000000000000        0x0 c:/st/stm32cubeide_1.11.2/stm32cubeide/plugins/com.st.stm32cube.ide.mcu.externaltools.gnu-tools-for-stm32.10.3-2021.10.win32_1.0.100.202210260954/tools/bin/../lib/gcc/arm-none-eabi/10.3.1/thumb/v7-m/nofp/crti.o
 .data          0x0000000000000000        0x4 c:/st/stm32cubeide_1.11.2/stm32cubeide/plugins/com.st.stm32cube.ide.mcu.externaltools.gnu-tools-for-stm32.10.3-2021.10.win32_1.0.100.202210260954/tools/bin/../lib/gcc/arm-none-eabi/10.3.1/thumb/v7-m/nofp/crtbegin.o
 .rodata        0x0000000000000000       0x24 c:/st/stm32cubeide_1.11.2/stm32cubeide/plugins/com.st.stm32cube.ide.mcu.externaltools.gnu-tools-for-stm32.10.3-2021.10.win32_1.0.100.202210260954/tools/bin/../lib/gcc/arm-none-eabi/10.3.1/thumb/v7-m/nofp/crtbegin.o
[...]
Memory Configuration

Name             Origin             Length             Attributes
RAM              0x0000000020000000 0x0000000000002800 xrw
FLASH            0x0000000008000000 0x0000000000008000 xr
*default*        0x0000000000000000 0xffffffffffffffff

Linker script and memory map

LOAD c:/st/stm32cubeide_1.11.2/stm32cubeide/plugins/com.st.stm32cube.ide.mcu.externaltools.gnu-tools-for-stm32.10.3-2021.10.win32_1.0.100.202210260954/tools/bin/../lib/gcc/arm-none-eabi/10.3.1/thumb/v7-m/nofp/crti.o
LOAD c:/st/stm32cubeide_1.11.2/stm32cubeide/plugins/com.st.stm32cube.ide.mcu.externaltools.gnu-tools-for-stm32.10.3-2021.10.win32_1.0.100.202210260954/tools/bin/../lib/gcc/arm-none-eabi/10.3.1/thumb/v7-m/nofp/crtbegin.o
LOAD c:/st/stm32cubeide_1.11.2/stm32cubeide/plugins/com.st.stm32cube.ide.mcu.externaltools.gnu-tools-for-stm32.10.3-2021.10.win32_1.0.100.202210260954/tools/bin/../lib/gcc/arm-none-eabi/10.3.1/../../../../arm-none-eabi/lib/thumb/v7-m/nofp/crt0.o
LOAD ./Inc/Stm32f103c6_Drivers/APP/KPD&LCD&SEG/KPD&LCD&SEG.o
LOAD ./Inc/Stm32f103c6_Drivers/HAL/EEPROM/EEPROM_Program.o
LOAD ./Inc/Stm32f103c6_Drivers/HAL/KPD/KPD_program.o
LOAD ./Inc/Stm32f103c6_Drivers/HAL/LCD/LCD_program.o
LOAD ./Inc/Stm32f103c6_Drivers/LIP/Wait_ms.o
LOAD ./Inc/Stm32f103c6_Drivers/MCAL/DIO/DIO_programe.o
LOAD ./Inc/Stm32f103c6_Drivers/MCAL/EXTI_And_AFIO/EXTI&AFIO_program.o
LOAD ./Inc/Stm32f103c6_Drivers/MCAL/I2C/I2C_Program.o
LOAD ./Inc/Stm32f103c6_Drivers/MCAL/RCC/RCC_programe.o
LOAD ./Inc/Stm32f103c6_Drivers/MCAL/SPI/SPI_programe.o
LOAD ./Inc/Stm32f103c6_Drivers/MCAL/Timer_2-5/Timer_2_to_5_Program.o
LOAD ./Inc/Stm32f103c6_Drivers/MCAL/USART/USART_program.o
LOAD ./Src/main.o
LOAD ./Src/syscalls.o
LOAD ./Src/sysmem.o
LOAD ./Startup/startup_stm32f103c6tx.o
START GROUP
LOAD c:/st/stm32cubeide_1.11.2/stm32cubeide/plugins/com.st.stm32cube.ide.mcu.externaltools.gnu-tools-for-stm32.10.3-2021.10.win32_1.0.100.202210260954/tools/bin/../lib/gcc/arm-none-eabi/10.3.1/../../../../arm-none-eabi/lib/thumb/v7-m/nofp\libc_nano.a
LOAD c:/st/stm32cubeide_1.11.2/stm32cubeide/plugins/com.st.stm32cube.ide.mcu.externaltools.gnu-tools-for-stm32.10.3-2021.10.win32_1.0.100.202210260954/tools/bin/../lib/gcc/arm-none-eabi/10.3.1/../../../../arm-none-eabi/lib/thumb/v7-m/nofp\libm.a
END GROUP
START GROUP
LOAD c:/st/stm32cubeide_1.11.2/stm32cubeide/plugins/com.st.stm32cube.ide.mcu.externaltools.gnu-tools-for-stm32.10.3-2021.10.win32_1.0.100.202210260954/tools/bin/../lib/gcc/arm-none-eabi/10.3.1/thumb/v7-m/nofp\libgcc.a
LOAD c:/st/stm32cubeide_1.11.2/stm32cubeide/plugins/com.st.stm32cube.ide.mcu.externaltools.gnu-tools-for-stm32.10.3-2021.10.win32_1.0.100.202210260954/tools/bin/../lib/gcc/arm-none-eabi/10.3.1/../../../../arm-none-eabi/lib/thumb/v7-m/nofp\libg_nano.a
LOAD c:/st/stm32cubeide_1.11.2/stm32cubeide/plugins/com.st.stm32cube.ide.mcu.externaltools.gnu-tools-for-stm32.10.3-2021.10.win32_1.0.100.202210260954/tools/bin/../lib/gcc/arm-none-eabi/10.3.1/../../../../arm-none-eabi/lib/thumb/v7-m/nofp\libc_nano.a
END GROUP
START GROUP
LOAD c:/st/stm32cubeide_1.11.2/stm32cubeide/plugins/com.st.stm32cube.ide.mcu.externaltools.gnu-tools-for-stm32.10.3-2021.10.win32_1.0.100.202210260954/tools/bin/../lib/gcc/arm-none-eabi/10.3.1/thumb/v7-m/nofp\libgcc.a
LOAD c:/st/stm32cubeide_1.11.2/stm32cubeide/plugins/com.st.stm32cube.ide.mcu.externaltools.gnu-tools-for-stm32.10.3-2021.10.win32_1.0.100.202210260954/tools/bin/../lib/gcc/arm-none-eabi/10.3.1/../../../../arm-none-eabi/lib/thumb/v7-m/nofp\libc_nano.a
LOAD c:/st/stm32cubeide_1.11.2/stm32cubeide/plugins/com.st.stm32cube.ide.mcu.externaltools.gnu-tools-for-stm32.10.3-2021.10.win32_1.0.100.202210260954/tools/bin/../lib/gcc/arm-none-eabi/10.3.1/../../../../arm-none-eabi/lib/thumb/v7-m/nofp\libnosys.a
END GROUP
START GROUP
LOAD c:/st/stm32cubeide_1.11.2/stm32cubeide/plugins/com.st.stm32cube.ide.mcu.externaltools.gnu-tools-for-stm32.10.3-2021.10.win32_1.0.100.202210260954/tools/bin/../lib/gcc/arm-none-eabi/10.3.1/thumb/v7-m/nofp\libgcc.a
LOAD c:/st/stm32cubeide_1.11.2/stm32cubeide/plugins/com.st.stm32cube.ide.mcu.externaltools.gnu-tools-for-stm32.10.3-2021.10.win32_1.0.100.202210260954/tools/bin/../lib/gcc/arm-none-eabi/10.3.1/../../../../arm-none-eabi/lib/thumb/v7-m/nofp\libc_nano.a
LOAD c:/st/stm32cubeide_1.11.2/stm32cubeide/plugins/com.st.stm32cube.ide.mcu.externaltools.gnu-tools-for-stm32.10.3-2021.10.win32_1.0.100.202210260954/tools/bin/../lib/gcc/arm-none-eabi/10.3.1/../../../../arm-none-eabi/lib/thumb/v7-m/nofp\libnosys.a
END GROUP
LOAD c:/st/stm32cubeide_1.11.2/stm32cubeide/plugins/com.st.stm32cube.ide.mcu.externaltools.gnu-tools-for-stm32.10.3-2021.10.win32_1.0.100.202210260954/tools/bin/../lib/gcc/arm-none-eabi/10.3.1/thumb/v7-m/nofp/crtend.o
LOAD c:/st/stm32cubeide_1.11.2/stm32cubeide/plugins/com.st.stm32cube.ide.mcu.externaltools.gnu-tools-for-stm32.10.3-2021.10.win32_1.0.100.202210260954/tools/bin/../lib/gcc/arm-none-eabi/10.3.1/thumb/v7-m/nofp/crtn.o
                0x0000000020002800                _estack = (ORIGIN (RAM) + LENGTH (RAM))
                0x0000000000000200                _Min_Heap_Size = 0x200
                0x0000000000000400                _Min_Stack_Size = 0x400

.isr_vector     0x0000000008000000      0x130
                0x0000000008000000                . = ALIGN (0x4)
 *(.isr_vector)
 .isr_vector    0x0000000008000000      0x130 ./Startup/startup_stm32f103c6tx.o
                0x0000000008000000                g_pfnVectors
                0x0000000008000130                . = ALIGN (0x4)

.text           0x0000000008000130      0xefc
                0x0000000008000130                . = ALIGN (0x4)
 *(.text)
 .text          0x0000000008000130       0x40 c:/st/stm32cubeide_1.11.2/stm32cubeide/plugins/com.st.stm32cube.ide.mcu.externaltools.gnu-tools-for-stm32.10.3-2021.10.win32_1.0.100.202210260954/tools/bin/../lib/gcc/arm-none-eabi/10.3.1/thumb/v7-m/nofp/crtbegin.o
 *(.text*)
 .text.HAL_EEPROM_Init
                0x0000000008000170       0x3c ./Inc/Stm32f103c6_Drivers/HAL/EEPROM/EEPROM_Program.o
                0x0000000008000170                HAL_EEPROM_Init
 .text.HAL_EEPROM_Write_NByte
                0x00000000080001ac       0xd0 ./Inc/Stm32f103c6_Drivers/HAL/EEPROM/EEPROM_Program.o
                0x00000000080001ac                HAL_EEPROM_Write_NByte
 .text.HAL_EEPROM_Read_NByte
                0x000000000800027c       0x54 ./Inc/Stm32f103c6_Drivers/HAL/EEPROM/EEPROM_Program.o
                0x000000000800027c                HAL_EEPROM_Read_NByte
 .text.MDIO_voidSetPinDirection
                0x00000000080002d0      0x1b8 ./Inc/Stm32f103c6_Drivers/MCAL/DIO/DIO_programe.o
                0x00000000080002d0                MDIO_voidSetPinDirection
 .text.EXTI0_IRQHandler
                0x0000000008000488       0x24 ./Inc/Stm32f103c6_Drivers/MCAL/EXTI_And_AFIO/EXTI&AFIO_program.o
                0x0000000008000488                EXTI0_IRQHandler
 .text.EXTI1_IRQHandler
                0x00000000080004ac       0x24 ./Inc/Stm32f103c6_Drivers/MCAL/EXTI_And_AFIO/EXTI&AFIO_program.o
                0x00000000080004ac                EXTI1_IRQHandler
 .text.EXTI2_IRQHandler
                0x00000000080004d0       0x24 ./Inc/Stm32f103c6_Drivers/MCAL/EXTI_And_AFIO/EXTI&AFIO_program.o
                0x00000000080004d0                EXTI2_IRQHandler
 .text.EXTI3_IRQHandler
                0x00000000080004f4       0x24 ./Inc/Stm32f103c6_Drivers/MCAL/EXTI_And_AFIO/EXTI&AFIO_program.o
                0x00000000080004f4                EXTI3_IRQHandler
 .text.EXTI4_IRQHandler
                0x0000000008000518       0x24 ./Inc/Stm32f103c6_Drivers/MCAL/EXTI_And_AFIO/EXTI&AFIO_program.o
                0x0000000008000518                EXTI4_IRQHandler
 .text.EXTI9_5_IRQHandler
                0x000000000800053c       0xa8 ./Inc/Stm32f103c6_Drivers/MCAL/EXTI_And_AFIO/EXTI&AFIO_program.o
                0x000000000800053c                EXTI9_5_IRQHandler
 .text.EXTI15_10_IRQHandler
                0x00000000080005e4       0xc4 ./Inc/Stm32f103c6_Drivers/MCAL/EXTI_And_AFIO/EXTI&AFIO_program.o
                0x00000000080005e4                EXTI15_10_IRQHandler
 .text.MCAL_I2C_Init
                0x00000000080006a8      0x20c ./Inc/Stm32f103c6_Drivers/MCAL/I2C/I2C_Program.o
                0x00000000080006a8                MCAL_I2C_Init
 .text.MCAL_I2C_Set_Pins
                0x00000000080008b4       0x54 ./Inc/Stm32f103c6_Drivers/MCAL/I2C/I2C_Program.o
                0x00000000080008b4                MCAL_I2C_Set_Pins
 .text.MCAL_I2C_GenerateStart
                0x0000000008000908       0x54 ./Inc/Stm32f103c6_Drivers/MCAL/I2C/I2C_Program.o
                0x0000000008000908                MCAL_I2C_GenerateStart
 .text.MCAL_I2C_SendAdd
                0x000000000800095c       0x3e ./Inc/Stm32f103c6_Drivers/MCAL/I2C/I2C_Program.o
                0x000000000800095c                MCAL_I2C_SendAdd
 .text.MCAL_I2C_Generate_Stop
                0x000000000800099a       0x36 ./Inc/Stm32f103c6_Drivers/MCAL/I2C/I2C_Program.o
                0x000000000800099a                MCAL_I2C_Generate_Stop
 .text.MCAL_I2C_Generate_ACK
                0x00000000080009d0       0x36 ./Inc/Stm32f103c6_Drivers/MCAL/I2C/I2C_Program.o
                0x00000000080009d0                MCAL_I2C_Generate_ACK
 *fill*         0x0000000008000a06        0x2 
 .text.MCAL_I2C_GetFlagStatus
                0x0000000008000a08       0xcc ./Inc/Stm32f103c6_Drivers/MCAL/I2C/I2C_Program.o
                0x0000000008000a08                MCAL_I2C_GetFlagStatus
 .text.MCAL_I2C_Master_TX
                0x0000000008000ad4       0xac ./Inc/Stm32f103c6_Drivers/MCAL/I2C/I2C_Program.o
                0x0000000008000ad4                MCAL_I2C_Master_TX
 .text.MCAL_I2C_Master_RX
                0x0000000008000b80       0xe0 ./Inc/Stm32f103c6_Drivers/MCAL/I2C/I2C_Program.o
                0x0000000008000b80                MCAL_I2C_Master_RX
 .text.I2C1_EV_IRQHandler
                0x0000000008000c60        0xc ./Inc/Stm32f103c6_Drivers/MCAL/I2C/I2C_Program.o
                0x0000000008000c60                I2C1_EV_IRQHandler
 .text.I2C1_ER_IRQHandler
                0x0000000008000c6c        0xc ./Inc/Stm32f103c6_Drivers/MCAL/I2C/I2C_Program.o
                0x0000000008000c6c                I2C1_ER_IRQHandler
 .text.RCC_voidInitSysClock
                0x0000000008000c78       0x20 ./Inc/Stm32f103c6_Drivers/MCAL/RCC/RCC_programe.o
                0x0000000008000c78                RCC_voidInitSysClock
 .text.RCC_voidEnablePeripheralClock
                0x0000000008000c98       0x84 ./Inc/Stm32f103c6_Drivers/MCAL/RCC/RCC_programe.o
                0x0000000008000c98                RCC_voidEnablePeripheralClock
 .text.RCC_u32GetSysClkFreq
                0x0000000008000d1c       0x74 ./Inc/Stm32f103c6_Drivers/MCAL/RCC/RCC_programe.o
                0x0000000008000d1c                RCC_u32GetSysClkFreq
 .text.RCC_u32GetHClkFreq
                0x0000000008000d90       0x28 ./Inc/Stm32f103c6_Drivers/MCAL/RCC/RCC_programe.o
                0x0000000008000d90                RCC_u32GetHClkFreq
 .text.RCC_u32GetPClk1Freq
                0x0000000008000db8       0x28 ./Inc/Stm32f103c6_Drivers/MCAL/RCC/RCC_programe.o
                0x0000000008000db8                RCC_u32GetPClk1Freq
 .text.SPI1_IRQHandler
                0x0000000008000de0       0x5c ./Inc/Stm32f103c6_Drivers/MCAL/SPI/SPI_programe.o
                0x0000000008000de0                SPI1_IRQHandler
 .text.SPI2_IRQHandler
                0x0000000008000e3c       0x5c ./Inc/Stm32f103c6_Drivers/MCAL/SPI/SPI_programe.o
                0x0000000008000e3c                SPI2_IRQHandler
 .text.USART1_IRQHandler
                0x0000000008000e98       0x14 ./Inc/Stm32f103c6_Drivers/MCAL/USART/USART_program.o
                0x0000000008000e98                USART1_IRQHandler
 .text.USART2_IRQHandler
                0x0000000008000eac        0xc ./Inc/Stm32f103c6_Drivers/MCAL/USART/USART_program.o
                0x0000000008000eac                USART2_IRQHandler
 .text.clock_init
                0x0000000008000eb8       0x3c ./Src/main.o
                0x0000000008000eb8                clock_init
 .text.main     0x0000000008000ef4       0x84 ./Src/main.o
                0x0000000008000ef4                main
 .text.Reset_Handler
                0x0000000008000f78       0x50 ./Startup/startup_stm32f103c6tx.o
                0x0000000008000f78                Reset_Handler
 .text.Default_Handler
                0x0000000008000fc8        0x2 ./Startup/startup_stm32f103c6tx.o
                0x0000000008000fc8                TIM8_TRG_COM_IRQHandler
                0x0000000008000fc8                TIM8_CC_IRQHandler
                0x0000000008000fc8                DebugMon_Handler
                0x0000000008000fc8                TIM1_CC_IRQHandler
                0x0000000008000fc8                HardFault_Handler
                0x0000000008000fc8                TIM6_IRQHandler
                0x0000000008000fc8                SysTick_Handler
                0x0000000008000fc8                PVD_IRQHandler
                0x0000000008000fc8                SDIO_IRQHandler
                0x0000000008000fc8                PendSV_Handler
                0x0000000008000fc8                NMI_Handler
                0x0000000008000fc8                USB_HP_CAN_TX_IRQHandler
                0x0000000008000fc8                I2C2_EV_IRQHandler
                0x0000000008000fc8                UsageFault_Handler
                0x0000000008000fc8                ADC1_2_IRQHandler
                0x0000000008000fc8                CAN_SCE_IRQHandler
                0x0000000008000fc8                TAMPER_IRQHandler
                0x0000000008000fc8                TIM8_UP_IRQHandler
                0x0000000008000fc8                DMA2_Channel2_IRQHandler
                0x0000000008000fc8                DMA1_Channel4_IRQHandler
                0x0000000008000fc8                USART3_IRQHandler
                0x0000000008000fc8                RTC_IRQHandler
                0x0000000008000fc8                DMA1_Channel7_IRQHandler
                0x0000000008000fc8                UART5_IRQHandler
                0x0000000008000fc8                ADC3_IRQHandler
                0x0000000008000fc8                TIM4_IRQHandler
                0x0000000008000fc8                CAN_RX1_IRQHandler
                0x0000000008000fc8                DMA2_Channel1_IRQHandler
                0x0000000008000fc8                DMA1_Channel6_IRQHandler
                0x0000000008000fc8                UART4_IRQHandler
                0x0000000008000fc8                TIM3_IRQHandler
                0x0000000008000fc8                RCC_IRQHandler
                0x0000000008000fc8                TIM1_TRG_COM_IRQHandler
                0x0000000008000fc8                DMA1_Channel1_IRQHandler
                0x0000000008000fc8                Default_Handler
                0x0000000008000fc8                TIM7_IRQHandler
                0x0000000008000fc8                TIM5_IRQHandler
                0x0000000008000fc8                USB_LP_CAN_RX0_IRQHandler
                0x0000000008000fc8                MemManage_Handler
                0x0000000008000fc8                SVC_Handler
                0x0000000008000fc8                DMA1_Channel5_IRQHandler
                0x0000000008000fc8                DMA1_Channel3_IRQHandler
                0x0000000008000fc8                FSMC_IRQHandler
                0x0000000008000fc8                TIM1_UP_IRQHandler
                0x0000000008000fc8                WWDG_IRQHandler
                0x0000000008000fc8                TIM2_IRQHandler
                0x0000000008000fc8                TIM1_BRK_IRQHandler
                0x0000000008000fc8                RTCAlarm_IRQHandler
                0x0000000008000fc8                DMA2_Channel4_5_IRQHandler
                0x0000000008000fc8                I2C2_ER_IRQHandler
                0x0000000008000fc8                DMA1_Channel2_IRQHandler
                0x0000000008000fc8                TIM8_BRK_IRQHandler
                0x0000000008000fc8                FLASH_IRQHandler
                0x0000000008000fc8                BusFault_Handler
                0x0000000008000fc8                SPI3_IRQHandler
                0x0000000008000fc8                DMA2_Channel3_IRQHandler
 *fill*         0x0000000008000fca        0x2 
 .text.__libc_init_array
                0x0000000008000fcc       0x48 c:/st/stm32cubeide_1.11.2/stm32cubeide/plugins/com.st.stm32cube.ide.mcu.externaltools.gnu-tools-for-stm32.10.3-2021.10.win32_1.0.100.202210260954/tools/bin/../lib/gcc/arm-none-eabi/10.3.1/../../../../arm-none-eabi/lib/thumb/v7-m/nofp\libc_nano.a(lib_a-init.o)
                0x0000000008000fcc                __libc_init_array
 *(.glue_7)
 .glue_7        0x0000000008001014        0x0 linker stubs
 *(.glue_7t)
 .glue_7t       0x0000000008001014        0x0 linker stubs
 *(.eh_frame)
 .eh_frame      0x0000000008001014        0x0 c:/st/stm32cubeide_1.11.2/stm32cubeide/plugins/com.st.stm32cube.ide.mcu.externaltools.gnu-tools-for-stm32.10.3-2021.10.win32_1.0.100.202210260954/tools/bin/../lib/gcc/arm-none-eabi/10.3.1/thumb/v7-m/nofp/crtbegin.o
 *(.init)
 .init          0x0000000008001014        0x4 c:/st/stm32cubeide_1.11.2/stm32cubeide/plugins/com.st.stm32cube.ide.mcu.externaltools.gnu-tools-for-stm32.10.3-2021.10.win32_1.0.100.202210260954/tools/bin/../lib/gcc/arm-none-eabi/10.3.1/thumb/v7-m/nofp/crti.o
                0x0000000008001014                _init
 .init          0x0000000008001018        0x8 c:/st/stm32cubeide_1.11.2/stm32cubeide/plugins/com.st.stm32cube.ide.mcu.externaltools.gnu-tools-for-stm32.10.3-2021.10.win32_1.0.100.202210260954/tools/bin/../lib/gcc/arm-none-eabi/10.3.1/thumb/v7-m/nofp/crtn.o
 *(.fini)
 .fini          0x0000000008001020        0x4 c:/st/stm32cubeide_1.11.2/stm32cubeide/plugins/com.st.stm32cube.ide.mcu.externaltools.gnu-tools-for-stm32.10.3-2021.10.win32_1.0.100.202210260954/tools/bin/../lib/gcc/arm-none-eabi/10.3.1/thumb/v7-m/nofp/crti.o
                0x0000000008001020                _fini
 .fini          0x0000000008001024        0x8 c:/st/stm32cubeide_1.11.2/stm32cubeide/plugins/com.st.stm32cube.ide.mcu.externaltools.gnu-tools-for-stm32.10.3-2021.10.win32_1.0.100.202210260954/tools/bin/../lib/gcc/arm-none-eabi/10.3.1/thumb/v7-m/nofp/crtn.o
                0x000000000800102c                . = ALIGN (0x4)
                0x000000000800102c                _etext = .

.vfp11_veneer   0x000000000800102c        0x0
 .vfp11_veneer  0x000000000800102c        0x0 linker stubs

.v4_bx          0x000000000800102c        0x0
 .v4_bx         0x000000000800102c        0x0 linker stubs

.iplt           0x000000000800102c        0x0
 .iplt          0x000000000800102c        0x0 c:/st/stm32cubeide_1.11.2/stm32cubeide/plugins/com.st.stm32cube.ide.mcu.externaltools.gnu-tools-for-stm32.10.3-2021.10.win32_1.0.100.202210260954/tools/bin/../lib/gcc/arm-none-eabi/10.3.1/thumb/v7-m/nofp/crtbegin.o

.rodata         0x000000000800102c       0x30
                0x000000000800102c                . = ALIGN (0x4)
 *(.rodata)
 .rodata        0x000000000800102c        0x7 ./Src/main.o
 *(.rodata*)
 *fill*         0x0000000008001033        0x1 
 .rodata.APB1or2_Prescaler
                0x0000000008001034        0x8 ./Inc/Stm32f103c6_Drivers/MCAL/RCC/RCC_programe.o
                0x0000000008001034                APB1or2_Prescaler
 .rodata.AHB_Prescaler
                0x000000000800103c       0x10 ./Inc/Stm32f103c6_Drivers/MCAL/RCC/RCC_programe.o
                0x000000000800103c                AHB_Prescaler
 .rodata.Pll_MUL
                0x000000000800104c       0x10 ./Inc/Stm32f103c6_Drivers/MCAL/RCC/RCC_programe.o
                0x000000000800104c                Pll_MUL
                0x000000000800105c                . = ALIGN (0x4)

.rel.dyn        0x000000000800105c        0x0
 .rel.iplt      0x000000000800105c        0x0 c:/st/stm32cubeide_1.11.2/stm32cubeide/plugins/com.st.stm32cube.ide.mcu.externaltools.gnu-tools-for-stm32.10.3-2021.10.win32_1.0.100.202210260954/tools/bin/../lib/gcc/arm-none-eabi/10.3.1/thumb/v7-m/nofp/crtbegin.o

.ARM.extab      0x000000000800105c        0x0
                0x000000000800105c                . = ALIGN (0x4)
 *(.ARM.extab* .gnu.linkonce.armextab.*)
                0x000000000800105c                . = ALIGN (0x4)

.ARM            0x000000000800105c        0x0
                0x000000000800105c                . = ALIGN (0x4)
                0x000000000800105c                __exidx_start = .
 *(.ARM.exidx*)
                0x000000000800105c                __exidx_end = .
                0x000000000800105c                . = ALIGN (0x4)

.preinit_array  0x000000000800105c        0x0
                0x000000000800105c                . = ALIGN (0x4)
                0x000000000800105c                PROVIDE (__preinit_array_start = .)
 *(.preinit_array*)
                0x000000000800105c                PROVIDE (__preinit_array_end = .)
                0x000000000800105c                . = ALIGN (0x4)

.init_array     0x000000000800105c        0x4
                0x000000000800105c                . = ALIGN (0x4)
                0x000000000800105c                PROVIDE (__init_array_start = .)
 *(SORT_BY_NAME(.init_array.*))
 *(.init_array*)
 .init_array    0x000000000800105c        0x4 c:/st/stm32cubeide_1.11.2/stm32cubeide/plugins/com.st.stm32cube.ide.mcu.externaltools.gnu-tools-for-stm32.10.3-2021.10.win32_1.0.100.202210260954/tools/bin/../lib/gcc/arm-none-eabi/10.3.1/thumb/v7-m/nofp/crtbegin.o
                0x0000000008001060                PROVIDE (__init_array_end = .)
                0x0000000008001060                . = ALIGN (0x4)

.fini_array     0x0000000008001060        0x4
                0x0000000008001060                . = ALIGN (0x4)
                [!provide]                        PROVIDE (__fini_array_start = .)
 *(SORT_BY_NAME(.fini_array.*))
 *(.fini_array*)
 .fini_array    0x0000000008001060        0x4 c:/st/stm32cubeide_1.11.2/stm32cubeide/plugins/com.st.stm32cube.ide.mcu.externaltools.gnu-tools-for-stm32.10.3-2021.10.win32_1.0.100.202210260954/tools/bin/../lib/gcc/arm-none-eabi/10.3.1/thumb/v7-m/nofp/crtbegin.o
                [!provide]                        PROVIDE (__fini_array_end = .)
                0x0000000008001064                . = ALIGN (0x4)
                0x0000000008001064                _sidata = LOADADDR (.data)

.data           0x0000000020000000        0x0 load address 0x0000000008001064
                0x0000000020000000                . = ALIGN (0x4)
                0x0000000020000000                _sdata = .
 *(.data)
 *(.data*)
 *(.RamFunc)
 *(.RamFunc*)
                0x0000000020000000                . = ALIGN (0x4)
                0x0000000020000000                _edata = .

.igot.plt       0x0000000020000000        0x0 load address 0x0000000008001064
 .igot.plt      0x0000000020000000        0x0 c:/st/stm32cubeide_1.11.2/stm32cubeide/plugins/com.st.stm32cube.ide.mcu.externaltools.gnu-tools-for-stm32.10.3-2021.10.win32_1.0.100.202210260954/tools/bin/../lib/gcc/arm-none-eabi/10.3.1/thumb/v7-m/nofp/crtbegin.o
                0x0000000020000000                . = ALIGN (0x4)

.bss            0x0000000020000000       0xa4 load address 0x0000000008001064
                0x0000000020000000                _sbss = .
                0x0000000020000000                __bss_start__ = _sbss
 *(.bss)
 .bss           0x0000000020000000       0x1c c:/st/stm32cubeide_1.11.2/stm32cubeide/plugins/com.st.stm32cube.ide.mcu.externaltools.gnu-tools-for-stm32.10.3-2021.10.win32_1.0.100.202210260954/tools/bin/../lib/gcc/arm-none-eabi/10.3.1/thumb/v7-m/nofp/crtbegin.o
 *(.bss*)
 .bss.GP_IRQ_CallBack
                0x000000002000001c       0x3c ./Inc/Stm32f103c6_Drivers/MCAL/EXTI_And_AFIO/EXTI&AFIO_program.o
                0x000000002000001c                GP_IRQ_CallBack
 .bss.GL_I2C_Config
                0x0000000020000058       0x40 ./Inc/Stm32f103c6_Drivers/MCAL/I2C/I2C_Program.o
                0x0000000020000058                GL_I2C_Config
 .bss.GL_SPI_Config
                0x0000000020000098        0x8 ./Inc/Stm32f103c6_Drivers/MCAL/SPI/SPI_programe.o
                0x0000000020000098                GL_SPI_Config
 .bss.GL_USART_Config
                0x00000000200000a0        0x4 ./Inc/Stm32f103c6_Drivers/MCAL/USART/USART_program.o
                0x00000000200000a0                GL_USART_Config
 *(COMMON)
                0x00000000200000a4                . = ALIGN (0x4)
                0x00000000200000a4                _ebss = .
                0x00000000200000a4                __bss_end__ = _ebss

._user_heap_stack
                0x00000000200000a4      0x604 load address 0x0000000008001064
                0x00000000200000a8                . = ALIGN (0x8)
 *fill*         0x00000000200000a4        0x4 
                [!provide]                        PROVIDE (end = .)
                0x00000000200000a8                PROVIDE (_end = .)
                0x00000000200002a8                . = (. + _Min_Heap_Size)
 *fill*         0x00000000200000a8      0x200 
                0x00000000200006a8                . = (. + _Min_Stack_Size)
 *fill*         0x00000000200002a8      0x400 
                0x00000000200006a8                . = ALIGN (0x8)

/DISCARD/
 libc.a(*)
 libm.a(*)
 libgcc.a(*)

.ARM.attributes
                0x0000000000000000       0x29
 *(.ARM.attributes)
 .ARM.attributes
                0x0000000000000000       0x1d c:/st/stm32cubeide_1.11.2/stm32cubeide/plugins/com.st.stm32cube.ide.mcu.externaltools.gnu-tools-for-stm32.10.3-2021.10.win32_1.0.100.202210260954/tools/bin/../lib/gcc/arm-none-eabi/10.3.1/thumb/v7-m/nofp/crti.o
 .ARM.attributes
                0x000000000000001d       0x2d c:/st/stm32cubeide_1.11.2/stm32cubeide/plugins/com.st.stm32cube.ide.mcu.externaltools.gnu-tools-for-stm32.10.3-2021.10.win32_1.0.100.202210260954/tools/bin/../lib/gcc/arm-none-eabi/10.3.1/thumb/v7-m/nofp/crtbegin.o
 .ARM.attributes
                0x000000000000004a       0x2d ./Inc/Stm32f103c6_Drivers/HAL/EEPROM/EEPROM_Program.o
 .ARM.attributes
                0x0000000000000077       0x2d ./Inc/Stm32f103c6_Drivers/MCAL/DIO/DIO_programe.o
 .ARM.attributes
                0x00000000000000a4       0x2d ./Inc/Stm32f103c6_Drivers/MCAL/EXTI_And_AFIO/EXTI&AFIO_program.o
 .ARM.attributes
                0x00000000000000d1       0x2d ./Inc/Stm32f103c6_Drivers/MCAL/I2C/I2C_Program.o
 .ARM.attributes
                0x00000000000000fe       0x2d ./Inc/Stm32f103c6_Drivers/MCAL/RCC/RCC_programe.o
 .ARM.attributes
                0x000000000000012b       0x2d ./Inc/Stm32f103c6_Drivers/MCAL/SPI/SPI_programe.o
 .ARM.attributes
                0x0000000000000158       0x2d ./Inc/Stm32f103c6_Drivers/MCAL/USART/USART_program.o
 .ARM.attributes
                0x0000000000000185       0x2d ./Src/main.o
 .ARM.attributes
                0x00000000000001b2       0x21 ./Startup/startup_stm32f103c6tx.o
 .ARM.attributes
                0x00000000000001d3       0x2d c:/st/stm32cubeide_1.11.2/stm32cubeide/plugins/com.st.stm32cube.ide.mcu.externaltools.gnu-tools-for-stm32.10.3-2021.10.win32_1.0.100.202210260954/tools/bin/../lib/gcc/arm-none-eabi/10.3.1/../../../../arm-none-eabi/lib/thumb/v7-m/nofp\libc_nano.a(lib_a-init.o)
 .ARM.attributes
                0x0000000000000200       0x1d c:/st/stm32cubeide_1.11.2/stm32cubeide/plugins/com.st.stm32cube.ide.mcu.externaltools.gnu-tools-for-stm32.10.3-2021.10.win32_1.0.100.202210260954/tools/bin/../lib/gcc/arm-none-eabi/10.3.1/thumb/v7-m/nofp/crtn.o
OUTPUT(I2C_Test.elf elf32-littlearm)
LOAD linker stubs
LOAD c:/st/stm32cubeide_1.11.2/stm32cubeide/plugins/com.st.stm32cube.ide.mcu.externaltools.gnu-tools-for-stm32.10.3-2021.10.win32_1.0.100.202210260954/tools/bin/../lib/gcc/arm-none-eabi/10.3.1/../../../../arm-none-eabi/lib/thumb/v7-m/nofp\libc.a
LOAD c:/st/stm32cubeide_1.11.2/stm32cubeide/plugins/com.st.stm32cube.ide.mcu.externaltools.gnu-tools-for-stm32.10.3-2021.10.win32_1.0.100.202210260954/tools/bin/../lib/gcc/arm-none-eabi/10.3.1/../../../../arm-none-eabi/lib/thumb/v7-m/nofp\libm.a
LOAD c:/st/stm32cubeide_1.11.2/stm32cubeide/plugins/com.st.stm32cube.ide.mcu.externaltools.gnu-tools-for-stm32.10.3-2021.10.win32_1.0.100.202210260954/tools/bin/../lib/gcc/arm-none-eabi/10.3.1/thumb/v7-m/nofp\libgcc.a

.debug_info     0x0000000000000000     0x1d75
 .debug_info    0x0000000000000000      0x453 ./Inc/Stm32f103c6_Drivers/HAL/EEPROM/EEPROM_Program.o
 .debug_info    0x0000000000000453      0x26a ./Inc/Stm32f103c6_Drivers/MCAL/DIO/DIO_programe.o
 .debug_info    0x00000000000006bd      0x3c3 ./Inc/Stm32f103c6_Drivers/MCAL/EXTI_And_AFIO/EXTI&AFIO_program.o
 .debug_info    0x0000000000000a80      0x801 ./Inc/Stm32f103c6_Drivers/MCAL/I2C/I2C_Program.o
 .debug_info    0x0000000000001281      0x1fc ./Inc/Stm32f103c6_Drivers/MCAL/RCC/RCC_programe.o
 .debug_info    0x000000000000147d      0x44f ./Inc/Stm32f103c6_Drivers/MCAL/SPI/SPI_programe.o
 .debug_info    0x00000000000018cc      0x31c ./Inc/Stm32f103c6_Drivers/MCAL/USART/USART_program.o
 .debug_info    0x0000000000001be8      0x16b ./Src/main.o
 .debug_info    0x0000000000001d53       0x22 ./Startup/startup_stm32f103c6tx.o

.debug_abbrev   0x0000000000000000      0xb36
 .debug_abbrev  0x0000000000000000      0x166 ./Inc/Stm32f103c6_Drivers/HAL/EEPROM/EEPROM_Program.o
 .debug_abbrev  0x0000000000000166       0xee ./Inc/Stm32f103c6_Drivers/MCAL/DIO/DIO_programe.o
 .debug_abbrev  0x0000000000000254      0x18f ./Inc/Stm32f103c6_Drivers/MCAL/EXTI_And_AFIO/EXTI&AFIO_program.o
 .debug_abbrev  0x00000000000003e3      0x24c ./Inc/Stm32f103c6_Drivers/MCAL/I2C/I2C_Program.o
 .debug_abbrev  0x000000000000062f       0xfc ./Inc/Stm32f103c6_Drivers/MCAL/RCC/RCC_programe.o
 .debug_abbrev  0x000000000000072b      0x1c1 ./Inc/Stm32f103c6_Drivers/MCAL/SPI/SPI_programe.o
 .debug_abbrev  0x00000000000008ec      0x152 ./Inc/Stm32f103c6_Drivers/MCAL/USART/USART_program.o
 .debug_abbrev  0x0000000000000a3e       0xe6 ./Src/main.o
 .debug_abbrev  0x0000000000000b24       0x12 ./Startup/startup_stm32f103c6tx.o

.debug_loc      0x0000000000000000     0x104e
 .debug_loc     0x0000000000000000       0xf2 ./Inc/Stm32f103c6_Drivers/HAL/EEPROM/EEPROM_Program.o
 .debug_loc     0x00000000000000f2      0x1cc ./Inc/Stm32f103c6_Drivers/MCAL/DIO/DIO_programe.o
 .debug_loc     0x00000000000002be      0x280 ./Inc/Stm32f103c6_Drivers/MCAL/EXTI_And_AFIO/EXTI&AFIO_program.o
 .debug_loc     0x000000000000053e      0x490 ./Inc/Stm32f103c6_Drivers/MCAL/I2C/I2C_Program.o
 .debug_loc     0x00000000000009ce      0x1dc ./Inc/Stm32f103c6_Drivers/MCAL/RCC/RCC_programe.o
 .debug_loc     0x0000000000000baa      0x260 ./Inc/Stm32f103c6_Drivers/MCAL/SPI/SPI_programe.o
 .debug_loc     0x0000000000000e0a      0x1e0 ./Inc/Stm32f103c6_Drivers/MCAL/USART/USART_program.o
 .debug_loc     0x0000000000000fea       0x64 ./Src/main.o

.debug_aranges  0x0000000000000000      0x2a0
 .debug_aranges
                0x0000000000000000       0x30 ./Inc/Stm32f103c6_Drivers/HAL/EEPROM/EEPROM_Program.o
 .debug_aranges
                0x0000000000000030       0x40 ./Inc/Stm32f103c6_Drivers/MCAL/DIO/DIO_programe.o
 .debug_aranges
                0x0000000000000070       0x70 ./Inc/Stm32f103c6_Drivers/MCAL/EXTI_And_AFIO/EXTI&AFIO_program.o
 .debug_aranges
                0x00000000000000e0       0x88 ./Inc/Stm32f103c6_Drivers/MCAL/I2C/I2C_Program.o
 .debug_aranges
                0x0000000000000168       0x50 ./Inc/Stm32f103c6_Drivers/MCAL/RCC/RCC_programe.o
 .debug_aranges
                0x00000000000001b8       0x50 ./Inc/Stm32f103c6_Drivers/MCAL/SPI/SPI_programe.o
 .debug_aranges
                0x0000000000000208       0x48 ./Inc/Stm32f103c6_Drivers/MCAL/USART/USART_program.o
 .debug_aranges
                0x0000000000000250       0x28 ./Src/main.o
 .debug_aranges
                0x0000000000000278       0x28 ./Startup/startup_stm32f103c6tx.o

.debug_ranges   0x0000000000000000      0x218
 .debug_ranges  0x0000000000000000       0x20 ./Inc/Stm32f103c6_Drivers/HAL/EEPROM/EEPROM_Program.o
 .debug_ranges  0x0000000000000020       0x30 ./Inc/Stm32f103c6_Drivers/MCAL/DIO/DIO_programe.o
 .debug_ranges  0x0000000000000050       0x60 ./Inc/Stm32f103c6_Drivers/MCAL/EXTI_And_AFIO/EXTI&AFIO_program.o
 .debug_ranges  0x00000000000000b0       0x78 ./Inc/Stm32f103c6_Drivers/MCAL/I2C/I2C_Program.o
 .debug_ranges  0x0000000000000128       0x40 ./Inc/Stm32f103c6_Drivers/MCAL/RCC/RCC_programe.o
 .debug_ranges  0x0000000000000168       0x40 ./Inc/Stm32f103c6_Drivers/MCAL/SPI/SPI_programe.o
 .debug_ranges  0x00000000000001a8       0x38 ./Inc/Stm32f103c6_Drivers/MCAL/USART/USART_program.o
 .debug_ranges  0x00000000000001e0       0x18 ./Src/main.o
 .debug_ranges  0x00000000000001f8       0x20 ./Startup/startup_stm32f103c6tx.o

.debug_macro    0x0000000000000000     0x10a5
 .debug_macro   0x0000000000000000       0x6e ./Inc/Stm32f103c6_Drivers/HAL/EEPROM/EEPROM_Program.o
 .debug_macro   0x000000000000006e       0x3a ./Inc/Stm32f103c6_Drivers/HAL/EEPROM/EEPROM_Program.o
 .debug_macro   0x00000000000000a8       0x34 ./Inc/Stm32f103c6_Drivers/HAL/EEPROM/EEPROM_Program.o
 .debug_macro   0x00000000000000dc      0x3c9 ./Inc/Stm32f103c6_Drivers/HAL/EEPROM/EEPROM_Program.o
 .debug_macro   0x00000000000004a5       0x4d ./Inc/Stm32f103c6_Drivers/MCAL/DIO/DIO_programe.o
 .debug_macro   0x00000000000004f2       0xe2 ./Inc/Stm32f103c6_Drivers/MCAL/DIO/DIO_programe.o
 .debug_macro   0x00000000000005d4       0x55 ./Inc/Stm32f103c6_Drivers/MCAL/EXTI_And_AFIO/EXTI&AFIO_program.o
 .debug_macro   0x0000000000000629       0x46 ./Inc/Stm32f103c6_Drivers/MCAL/EXTI_And_AFIO/EXTI&AFIO_program.o
 .debug_macro   0x000000000000066f      0x2e9 ./Inc/Stm32f103c6_Drivers/MCAL/EXTI_And_AFIO/EXTI&AFIO_program.o
 .debug_macro   0x0000000000000958       0x70 ./Inc/Stm32f103c6_Drivers/MCAL/I2C/I2C_Program.o
 .debug_macro   0x00000000000009c8       0x4c ./Inc/Stm32f103c6_Drivers/MCAL/RCC/RCC_programe.o
 .debug_macro   0x0000000000000a14      0x1e4 ./Inc/Stm32f103c6_Drivers/MCAL/RCC/RCC_programe.o
 .debug_macro   0x0000000000000bf8       0x28 ./Inc/Stm32f103c6_Drivers/MCAL/RCC/RCC_programe.o
 .debug_macro   0x0000000000000c20       0x4c ./Inc/Stm32f103c6_Drivers/MCAL/RCC/RCC_programe.o
 .debug_macro   0x0000000000000c6c       0x5a ./Inc/Stm32f103c6_Drivers/MCAL/SPI/SPI_programe.o
 .debug_macro   0x0000000000000cc6       0x1c ./Inc/Stm32f103c6_Drivers/MCAL/SPI/SPI_programe.o
 .debug_macro   0x0000000000000ce2       0x1c ./Inc/Stm32f103c6_Drivers/MCAL/SPI/SPI_programe.o
 .debug_macro   0x0000000000000cfe      0x116 ./Inc/Stm32f103c6_Drivers/MCAL/SPI/SPI_programe.o
 .debug_macro   0x0000000000000e14       0x7d ./Inc/Stm32f103c6_Drivers/MCAL/USART/USART_program.o
 .debug_macro   0x0000000000000e91       0x2e ./Inc/Stm32f103c6_Drivers/MCAL/USART/USART_program.o
 .debug_macro   0x0000000000000ebf       0xc4 ./Inc/Stm32f103c6_Drivers/MCAL/USART/USART_program.o
 .debug_macro   0x0000000000000f83      0x122 ./Src/main.o

.debug_line     0x0000000000000000     0x20b2
 .debug_line    0x0000000000000000      0x29e ./Inc/Stm32f103c6_Drivers/HAL/EEPROM/EEPROM_Program.o
 .debug_line    0x000000000000029e      0x4c6 ./Inc/Stm32f103c6_Drivers/MCAL/DIO/DIO_programe.o
 .debug_line    0x0000000000000764      0x533 ./Inc/Stm32f103c6_Drivers/MCAL/EXTI_And_AFIO/EXTI&AFIO_program.o
 .debug_line    0x0000000000000c97      0x5cb ./Inc/Stm32f103c6_Drivers/MCAL/I2C/I2C_Program.o
 .debug_line    0x0000000000001262      0x21a ./Inc/Stm32f103c6_Drivers/MCAL/RCC/RCC_programe.o
 .debug_line    0x000000000000147c      0x355 ./Inc/Stm32f103c6_Drivers/MCAL/SPI/SPI_programe.o
 .debug_line    0x00000000000017d1      0x237 ./Inc/Stm32f103c6_Drivers/MCAL/USART/USART_program.o
 .debug_line    0x0000000000001a08      0x626 ./Src/main.o
 .debug_line    0x000000000000202e       0x84 ./Startup/startup_stm32f103c6tx.o

.debug_str      0x0000000000000000     0x83ed
 .debug_str     0x0000000000000000     0x4d5c ./Inc/Stm32f103c6_Drivers/HAL/EEPROM/EEPROM_Program.o
                                       0x4dcd (size before relaxing)
 .debug_str     0x0000000000004d5c      0x370 ./Inc/Stm32f103c6_Drivers/MCAL/DIO/DIO_programe.o
                                       0x334f (size before relaxing)
 .debug_str     0x00000000000050cc     0x1812 ./Inc/Stm32f103c6_Drivers/MCAL/EXTI_And_AFIO/EXTI&AFIO_program.o
                                       0x47fe (size before relaxing)
 .debug_str     0x00000000000068de      0x2cd ./Inc/Stm32f103c6_Drivers/MCAL/I2C/I2C_Program.o
                                       0x4fd9 (size before relaxing)
 .debug_str     0x0000000000006bab      0x340 ./Inc/Stm32f103c6_Drivers/MCAL/RCC/RCC_programe.o
                                       0x3730 (size before relaxing)
 .debug_str     0x0000000000006eeb      0x9ea ./Inc/Stm32f103c6_Drivers/MCAL/SPI/SPI_programe.o
                                       0x39d6 (size before relaxing)
 .debug_str     0x00000000000078d5      0x884 ./Inc/Stm32f103c6_Drivers/MCAL/USART/USART_program.o
                                       0x3726 (size before relaxing)
 .debug_str     0x0000000000008159      0x263 ./Src/main.o
                                       0x718a (size before relaxing)
 .debug_str     0x00000000000083bc       0x31 ./Startup/startup_stm32f103c6tx.o
                                         0x5b (size before relaxing)

.comment        0x0000000000000000       0x50
 .comment       0x0000000000000000       0x50 ./Inc/Stm32f103c6_Drivers/HAL/EEPROM/EEPROM_Program.o
                                         0x51 (size before relaxing)
 .comment       0x0000000000000050       0x51 ./Inc/Stm32f103c6_Drivers/MCAL/DIO/DIO_programe.o
 .comment       0x0000000000000050       0x51 ./Inc/Stm32f103c6_Drivers/MCAL/EXTI_And_AFIO/EXTI&AFIO_program.o
 .comment       0x0000000000000050       0x51 ./Inc/Stm32f103c6_Drivers/MCAL/I2C/I2C_Program.o
 .comment       0x0000000000000050       0x51 ./Inc/Stm32f103c6_Drivers/MCAL/RCC/RCC_programe.o
 .comment       0x0000000000000050       0x51 ./Inc/Stm32f103c6_Drivers/MCAL/SPI/SPI_programe.o
 .comment       0x0000000000000050       0x51 ./Inc/Stm32f103c6_Drivers/MCAL/USART/USART_program.o
 .comment       0x0000000000000050       0x51 ./Src/main.o

.debug_frame    0x0000000000000000      0x85c
 .debug_frame   0x0000000000000000       0x80 ./Inc/Stm32f103c6_Drivers/HAL/EEPROM/EEPROM_Program.o
 .debug_frame   0x0000000000000080       0xd8 ./Inc/Stm32f103c6_Drivers/MCAL/DIO/DIO_programe.o
 .debug_frame   0x0000000000000158      0x168 ./Inc/Stm32f103c6_Drivers/MCAL/EXTI_And_AFIO/EXTI&AFIO_program.o
 .debug_frame   0x00000000000002c0      0x21c ./Inc/Stm32f103c6_Drivers/MCAL/I2C/I2C_Program.o
 .debug_frame   0x00000000000004dc       0xfc ./Inc/Stm32f103c6_Drivers/MCAL/RCC/RCC_programe.o
 .debug_frame   0x00000000000005d8      0x120 ./Inc/Stm32f103c6_Drivers/MCAL/SPI/SPI_programe.o
 .debug_frame   0x00000000000006f8       0xec ./Inc/Stm32f103c6_Drivers/MCAL/USART/USART_program.o
 .debug_frame   0x00000000000007e4       0x4c ./Src/main.o
 .debug_frame   0x0000000000000830       0x2c c:/st/stm32cubeide_1.11.2/stm32cubeide/plugins/com.st.stm32cube.ide.mcu.externaltools.gnu-tools-for-stm32.10.3-2021.10.win32_1.0.100.202210260954/tools/bin/../lib/gcc/arm-none-eabi/10.3.1/../../../../arm-none-eabi/lib/thumb/v7-m/nofp\libc_nano.a(lib_a-init.o)
