../Inc/Stm32f103c6_Drivers/MCAL/EXTI_And_AFIO/EXTI&AFIO_program.c:17:6:Enable_NVIC	16	static
../Inc/Stm32f103c6_Drivers/MCAL/EXTI_And_AFIO/EXTI&AFIO_program.c:39:6:Disable_NVIC	16	static
../Inc/Stm32f103c6_Drivers/MCAL/EXTI_And_AFIO/EXTI&AFIO_program.c:72:6:MEXTI_void_DEINIT	4	static
../Inc/Stm32f103c6_Drivers/MCAL/EXTI_And_AFIO/EXTI&AFIO_program.c:108:6:MEXTI_void_INIT	24	static
../Inc/Stm32f103c6_Drivers/MCAL/EXTI_And_AFIO/EXTI&AFIO_program.c:163:6:EXTI0_IRQHandler	8	static
../Inc/Stm32f103c6_Drivers/MCAL/EXTI_And_AFIO/EXTI&AFIO_program.c:169:6:EXTI1_IRQHandler	8	static
../Inc/Stm32f103c6_Drivers/MCAL/EXTI_And_AFIO/EXTI&AFIO_program.c:174:6:EXTI2_IRQHandler	8	static
../Inc/Stm32f103c6_Drivers/MCAL/EXTI_And_AFIO/EXTI&AFIO_program.c:179:6:EXTI3_IRQHandler	8	static
../Inc/Stm32f103c6_Drivers/MCAL/EXTI_And_AFIO/EXTI&AFIO_program.c:184:6:EXTI4_IRQHandler	8	static
../Inc/Stm32f103c6_Drivers/MCAL/EXTI_And_AFIO/EXTI&AFIO_program.c:189:6:EXTI9_5_IRQHandler	8	static
../Inc/Stm32f103c6_Drivers/MCAL/EXTI_And_AFIO/EXTI&AFIO_program.c:197:6:EXTI15_10_IRQHandler	8	static
