
Allocating common symbols
Common symbol       size              file

Alarm_Actuator_state_id
                    0x1               Alarm_Actuator.o
PSensor_state       0x4               main.o
Alarm_Actuator_state
                    0x4               Alarm_Actuator.o
Main_Algorithm_state
                    0x4               main.o
pressureSensor_State
                    0x1               main.o
Main_Algorithm_state_id
                    0x1               main.o
Alarm_Monitor_state_id
                    0x1               Alarm_monitor.o
Alarm_Monitor_state
                    0x4               Alarm_monitor.o

Memory Configuration

Name             Origin             Length             Attributes
flash            0x08000000         0x00020000         xr
SRAM             0x20000000         0x00005000         xrw
*default*        0x00000000         0xffffffff

Linker script and memory map


.text           0x08000000      0x3a4
 *(.vector*)
 .vectors       0x08000000       0x1c startup.o
                0x08000000                vectors
 *(.text*)
 .text          0x0800001c       0x70 Alarm_Actuator.o
                0x0800001c                Alarm_Actuator_init
                0x08000038                Start_Alarm_Actuator
                0x08000054                Stop_Alarm_Actuator
                0x08000070                stateFunction_Alarm_Actuator_off
                0x0800007e                stateFunction_Alarm_Actuator_on
 .text          0x0800008c       0x84 Alarm_monitor.o
                0x0800008c                HighPressureDetected
                0x080000a8                stateFunction_Alarm_Monitor_AlarmOff
                0x080000c0                stateFunction_Alarm_Monitor_AlarmOn
                0x080000e4                stateFunction_Alarm_Monitor_waiting
 .text          0x08000110       0xc4 driver.o
                0x08000110                Delay
                0x08000130                getPressureVal
                0x08000148                Start_Alarm
                0x08000184                GPIO_INITIALIZATION
 .text          0x080001d4       0x70 main.o
                0x080001d4                setup
                0x08000204                main
 .text          0x08000244       0x64 Main_ALG.o
                0x08000244                SetPressureValue
                0x08000270                stateFunction_High_Pressure_Check
 .text          0x080002a8       0x6c Pressure_Sensor.o
                0x080002a8                PressureSensor_init
                0x080002c4                stateFunction_Pressure_sensor_reading
                0x080002f4                stateFunction_Pressure_sensor_waiting
 .text          0x08000314       0x90 startup.o
                0x08000314                h_fault_handler
                0x08000314                mm_fault_handler
                0x08000314                usage_fault_handler
                0x08000314                defualt_handler
                0x08000314                nmi_handler
                0x08000314                bus_fault_handler
                0x08000320                reset_handler
 *(.rodata)
                0x080003a4                _E_text = .

.glue_7         0x080003a4        0x0
 .glue_7        0x080003a4        0x0 linker stubs

.glue_7t        0x080003a4        0x0
 .glue_7t       0x080003a4        0x0 linker stubs

.vfp11_veneer   0x080003a4        0x0
 .vfp11_veneer  0x080003a4        0x0 linker stubs

.v4_bx          0x080003a4        0x0
 .v4_bx         0x080003a4        0x0 linker stubs

.iplt           0x080003a4        0x0
 .iplt          0x080003a4        0x0 Alarm_Actuator.o

.rel.dyn        0x080003a4        0x0
 .rel.iplt      0x080003a4        0x0 Alarm_Actuator.o

.data           0x20000000        0x4 load address 0x080003a4
                0x20000000                _S_data = .
 *(.data)
 .data          0x20000000        0x0 Alarm_Actuator.o
 .data          0x20000000        0x0 Alarm_monitor.o
 .data          0x20000000        0x0 driver.o
 .data          0x20000000        0x0 main.o
 .data          0x20000000        0x4 Main_ALG.o
                0x20000000                Main_pressure_threshold
 .data          0x20000004        0x0 Pressure_Sensor.o
 .data          0x20000004        0x0 startup.o
                0x20000004                . = ALIGN (0x4)
                0x20000004                _E_data = .

.igot.plt       0x20000004        0x0 load address 0x080003a8
 .igot.plt      0x20000004        0x0 Alarm_Actuator.o

.bss            0x20000004     0x1022 load address 0x080003a8
                0x20000004                _S_bss = .
 *(.bss)
 .bss           0x20000004        0x0 Alarm_Actuator.o
 .bss           0x20000004        0x0 Alarm_monitor.o
 .bss           0x20000004        0x0 driver.o
 .bss           0x20000004        0x0 main.o
 .bss           0x20000004        0x4 Main_ALG.o
                0x20000004                Main_pressureVal
 .bss           0x20000008        0x4 Pressure_Sensor.o
                0x20000008                Psensor_pressureVal
 .bss           0x2000000c        0x0 startup.o
                0x2000000c                _E_bss = .
                0x2000000c                . = ALIGN (0x4)
                0x2000100c                . = (. + 0x1000)
 *fill*         0x2000000c     0x1000 
                0x2000100c                _stack_top = .
 COMMON         0x2000100c        0x8 Alarm_Actuator.o
                0x2000100c                Alarm_Actuator_state_id
                0x20001010                Alarm_Actuator_state
 COMMON         0x20001014        0x8 Alarm_monitor.o
                0x20001014                Alarm_Monitor_state_id
                0x20001018                Alarm_Monitor_state
 COMMON         0x2000101c        0xa main.o
                0x2000101c                PSensor_state
                0x20001020                Main_Algorithm_state
                0x20001024                pressureSensor_State
                0x20001025                Main_Algorithm_state_id
LOAD Alarm_Actuator.o
LOAD Alarm_monitor.o
LOAD driver.o
LOAD main.o
LOAD Main_ALG.o
LOAD Pressure_Sensor.o
LOAD startup.o
OUTPUT(Pressure_Sensor_cortex_m3.elf elf32-littlearm)

.debug_info     0x00000000     0x35ae
 .debug_info    0x00000000      0xa29 Alarm_Actuator.o
 .debug_info    0x00000a29      0xa1a Alarm_monitor.o
 .debug_info    0x00001443      0xa05 driver.o
 .debug_info    0x00001e48      0xaa8 main.o
 .debug_info    0x000028f0      0x10f Main_ALG.o
 .debug_info    0x000029ff      0xa11 Pressure_Sensor.o
 .debug_info    0x00003410      0x19e startup.o

.debug_abbrev   0x00000000      0xa69
 .debug_abbrev  0x00000000      0x1c3 Alarm_Actuator.o
 .debug_abbrev  0x000001c3      0x1c3 Alarm_monitor.o
 .debug_abbrev  0x00000386      0x1de driver.o
 .debug_abbrev  0x00000564      0x1c5 main.o
 .debug_abbrev  0x00000729       0xa7 Main_ALG.o
 .debug_abbrev  0x000007d0      0x1c3 Pressure_Sensor.o
 .debug_abbrev  0x00000993       0xd6 startup.o

.debug_loc      0x00000000      0x53c
 .debug_loc     0x00000000      0x124 Alarm_Actuator.o
 .debug_loc     0x00000124       0xe0 Alarm_monitor.o
 .debug_loc     0x00000204      0x140 driver.o
 .debug_loc     0x00000344       0x58 main.o
 .debug_loc     0x0000039c       0x88 Main_ALG.o
 .debug_loc     0x00000424       0x9c Pressure_Sensor.o
 .debug_loc     0x000004c0       0x7c startup.o

.debug_aranges  0x00000000       0xe0
 .debug_aranges
                0x00000000       0x20 Alarm_Actuator.o
 .debug_aranges
                0x00000020       0x20 Alarm_monitor.o
 .debug_aranges
                0x00000040       0x20 driver.o
 .debug_aranges
                0x00000060       0x20 main.o
 .debug_aranges
                0x00000080       0x20 Main_ALG.o
 .debug_aranges
                0x000000a0       0x20 Pressure_Sensor.o
 .debug_aranges
                0x000000c0       0x20 startup.o

.debug_line     0x00000000      0x8b4
 .debug_line    0x00000000      0x149 Alarm_Actuator.o
 .debug_line    0x00000149      0x149 Alarm_monitor.o
 .debug_line    0x00000292      0x1b9 driver.o
 .debug_line    0x0000044b      0x194 main.o
 .debug_line    0x000005df       0x51 Main_ALG.o
 .debug_line    0x00000630      0x148 Pressure_Sensor.o
 .debug_line    0x00000778      0x13c startup.o

.debug_str      0x00000000      0x860
 .debug_str     0x00000000      0x57e Alarm_Actuator.o
                                0x607 (size before relaxing)
 .debug_str     0x0000057e       0xbd Alarm_monitor.o
                                0x626 (size before relaxing)
 .debug_str     0x0000063b       0x50 driver.o
                                0x57f (size before relaxing)
 .debug_str     0x0000068b       0x62 main.o
                                0x68c (size before relaxing)
 .debug_str     0x000006ed       0x67 Main_ALG.o
                                0x1ed (size before relaxing)
 .debug_str     0x00000754       0x86 Pressure_Sensor.o
                                0x5ff (size before relaxing)
 .debug_str     0x000007da       0x86 startup.o
                                0x1d3 (size before relaxing)

.comment        0x00000000       0x7e
 .comment       0x00000000       0x7e Alarm_Actuator.o
                                 0x7f (size before relaxing)
 .comment       0x0000007e       0x7f Alarm_monitor.o
 .comment       0x0000007e       0x7f driver.o
 .comment       0x0000007e       0x7f main.o
 .comment       0x0000007e       0x7f Main_ALG.o
 .comment       0x0000007e       0x7f Pressure_Sensor.o
 .comment       0x0000007e       0x7f startup.o

.ARM.attributes
                0x00000000       0x33
 .ARM.attributes
                0x00000000       0x33 Alarm_Actuator.o
 .ARM.attributes
                0x00000033       0x33 Alarm_monitor.o
 .ARM.attributes
                0x00000066       0x33 driver.o
 .ARM.attributes
                0x00000099       0x33 main.o
 .ARM.attributes
                0x000000cc       0x33 Main_ALG.o
 .ARM.attributes
                0x000000ff       0x33 Pressure_Sensor.o
 .ARM.attributes
                0x00000132       0x33 startup.o

.debug_frame    0x00000000      0x324
 .debug_frame   0x00000000       0xa8 Alarm_Actuator.o
 .debug_frame   0x000000a8       0x88 Alarm_monitor.o
 .debug_frame   0x00000130       0xa0 driver.o
 .debug_frame   0x000001d0       0x48 main.o
 .debug_frame   0x00000218       0x54 Main_ALG.o
 .debug_frame   0x0000026c       0x68 Pressure_Sensor.o
 .debug_frame   0x000002d4       0x50 startup.o
