../Inc/Stm32f103c6_Drivers/MCAL/RCC/RCC_programe.c:52:6:RCC_voidInitSysClock	4	static
../Inc/Stm32f103c6_Drivers/MCAL/RCC/RCC_programe.c:87:6:RCC_voidEnablePeripheralClock	16	static
../Inc/Stm32f103c6_Drivers/MCAL/RCC/RCC_programe.c:112:6:RCC_voidDisablePeripheralClock	16	static
../Inc/Stm32f103c6_Drivers/MCAL/RCC/RCC_programe.c:123:6:RCC_u32GetSysClkFreq	16	static
../Inc/Stm32f103c6_Drivers/MCAL/RCC/RCC_programe.c:142:6:RCC_u32GetHClkFreq	8	static
../Inc/Stm32f103c6_Drivers/MCAL/RCC/RCC_programe.c:147:6:RCC_u32GetPClk1Freq	8	static
../Inc/Stm32f103c6_Drivers/MCAL/RCC/RCC_programe.c:153:6:RCC_u32GetPClk2Freq	8	static
