Archive member included because of file (symbol)

d:/embeded/tools/imt_sdk_win_32/winavr/bin/../lib/gcc/avr/4.3.3/avr5\libgcc.a(_udivmodhi4.o)
                              ./HAL/LCD/LCD_program.o (__udivmodhi4)
d:/embeded/tools/imt_sdk_win_32/winavr/bin/../lib/gcc/avr/4.3.3/avr5\libgcc.a(_exit.o)
                              d:/embeded/tools/imt_sdk_win_32/winavr/bin/../lib/gcc/avr/4.3.3/../../../../avr/lib/avr5/crtm32.o (exit)
d:/embeded/tools/imt_sdk_win_32/winavr/bin/../lib/gcc/avr/4.3.3/avr5\libgcc.a(_copy_data.o)
                              ./MCAL/UART/UART_programe.o (__do_copy_data)
d:/embeded/tools/imt_sdk_win_32/winavr/bin/../lib/gcc/avr/4.3.3/avr5\libgcc.a(_clear_bss.o)
                              ./MCAL/UART/UART_programe.o (__do_clear_bss)
d:/embeded/tools/imt_sdk_win_32/winavr/bin/../lib/gcc/avr/4.3.3/avr5\libgcc.a(_ashldi3.o)
                              ./HAL/LCD/LCD_program.o (__ashldi3)
d:/embeded/tools/imt_sdk_win_32/winavr/bin/../lib/gcc/avr/4.3.3/avr5\libgcc.a(_fixunssfsi.o)
                              ./HAL/LCD/LCD_program.o (__fixunssfsi)
d:/embeded/tools/imt_sdk_win_32/winavr/bin/../lib/gcc/avr/4.3.3/avr5\libgcc.a(_udivdi3.o)
                              ./HAL/LCD/LCD_program.o (__udivdi3)
d:/embeded/tools/imt_sdk_win_32/winavr/bin/../lib/gcc/avr/4.3.3/avr5\libgcc.a(_umoddi3.o)
                              ./HAL/LCD/LCD_program.o (__umoddi3)
d:/embeded/tools/imt_sdk_win_32/winavr/bin/../lib/gcc/avr/4.3.3/avr5\libgcc.a(_addsub_sf.o)
                              d:/embeded/tools/imt_sdk_win_32/winavr/bin/../lib/gcc/avr/4.3.3/avr5\libgcc.a(_fixunssfsi.o) (__subsf3)
d:/embeded/tools/imt_sdk_win_32/winavr/bin/../lib/gcc/avr/4.3.3/avr5\libgcc.a(_mul_sf.o)
                              ./HAL/LCD/LCD_program.o (__mulsf3)
d:/embeded/tools/imt_sdk_win_32/winavr/bin/../lib/gcc/avr/4.3.3/avr5\libgcc.a(_gt_sf.o)
                              ./HAL/LCD/LCD_program.o (__gtsf2)
d:/embeded/tools/imt_sdk_win_32/winavr/bin/../lib/gcc/avr/4.3.3/avr5\libgcc.a(_ge_sf.o)
                              d:/embeded/tools/imt_sdk_win_32/winavr/bin/../lib/gcc/avr/4.3.3/avr5\libgcc.a(_fixunssfsi.o) (__gesf2)
d:/embeded/tools/imt_sdk_win_32/winavr/bin/../lib/gcc/avr/4.3.3/avr5\libgcc.a(_lt_sf.o)
                              ./HAL/LCD/LCD_program.o (__ltsf2)
d:/embeded/tools/imt_sdk_win_32/winavr/bin/../lib/gcc/avr/4.3.3/avr5\libgcc.a(_sf_to_si.o)
                              d:/embeded/tools/imt_sdk_win_32/winavr/bin/../lib/gcc/avr/4.3.3/avr5\libgcc.a(_fixunssfsi.o) (__fixsfsi)
d:/embeded/tools/imt_sdk_win_32/winavr/bin/../lib/gcc/avr/4.3.3/avr5\libgcc.a(_thenan_sf.o)
                              d:/embeded/tools/imt_sdk_win_32/winavr/bin/../lib/gcc/avr/4.3.3/avr5\libgcc.a(_addsub_sf.o) (__thenan_sf)
d:/embeded/tools/imt_sdk_win_32/winavr/bin/../lib/gcc/avr/4.3.3/avr5\libgcc.a(_mulsi3.o)
                              d:/embeded/tools/imt_sdk_win_32/winavr/bin/../lib/gcc/avr/4.3.3/avr5\libgcc.a(_udivdi3.o) (__mulsi3)
d:/embeded/tools/imt_sdk_win_32/winavr/bin/../lib/gcc/avr/4.3.3/avr5\libgcc.a(_udivmodsi4.o)
                              d:/embeded/tools/imt_sdk_win_32/winavr/bin/../lib/gcc/avr/4.3.3/avr5\libgcc.a(_udivdi3.o) (__udivmodsi4)
d:/embeded/tools/imt_sdk_win_32/winavr/bin/../lib/gcc/avr/4.3.3/avr5\libgcc.a(_prologue.o)
                              d:/embeded/tools/imt_sdk_win_32/winavr/bin/../lib/gcc/avr/4.3.3/avr5\libgcc.a(_udivdi3.o) (__prologue_saves__)
d:/embeded/tools/imt_sdk_win_32/winavr/bin/../lib/gcc/avr/4.3.3/avr5\libgcc.a(_epilogue.o)
                              d:/embeded/tools/imt_sdk_win_32/winavr/bin/../lib/gcc/avr/4.3.3/avr5\libgcc.a(_udivdi3.o) (__epilogue_restores__)
d:/embeded/tools/imt_sdk_win_32/winavr/bin/../lib/gcc/avr/4.3.3/avr5\libgcc.a(_clz.o)
                              d:/embeded/tools/imt_sdk_win_32/winavr/bin/../lib/gcc/avr/4.3.3/avr5\libgcc.a(_udivdi3.o) (__clz_tab)
d:/embeded/tools/imt_sdk_win_32/winavr/bin/../lib/gcc/avr/4.3.3/avr5\libgcc.a(_pack_sf.o)
                              d:/embeded/tools/imt_sdk_win_32/winavr/bin/../lib/gcc/avr/4.3.3/avr5\libgcc.a(_addsub_sf.o) (__pack_f)
d:/embeded/tools/imt_sdk_win_32/winavr/bin/../lib/gcc/avr/4.3.3/avr5\libgcc.a(_unpack_sf.o)
                              d:/embeded/tools/imt_sdk_win_32/winavr/bin/../lib/gcc/avr/4.3.3/avr5\libgcc.a(_addsub_sf.o) (__unpack_f)
d:/embeded/tools/imt_sdk_win_32/winavr/bin/../lib/gcc/avr/4.3.3/avr5\libgcc.a(_fpcmp_parts_sf.o)
                              d:/embeded/tools/imt_sdk_win_32/winavr/bin/../lib/gcc/avr/4.3.3/avr5\libgcc.a(_gt_sf.o) (__fpcmp_parts_f)

Allocating common symbols
Common symbol       size              file

buffer              0x1               ./MCAL/UART/UART_programe.o

Memory Configuration

Name             Origin             Length             Attributes
text             0x00000000         0x00020000         xr
data             0x00800060         0x0000ffa0         rw !x
eeprom           0x00810000         0x00010000         rw !x
fuse             0x00820000         0x00000400         rw !x
lock             0x00830000         0x00000400         rw !x
signature        0x00840000         0x00000400         rw !x
*default*        0x00000000         0xffffffff

Linker script and memory map

LOAD d:/embeded/tools/imt_sdk_win_32/winavr/bin/../lib/gcc/avr/4.3.3/../../../../avr/lib/avr5/crtm32.o
LOAD ./MCAL/UART/UART_programe.o
LOAD ./MCAL/DIO/DIO_program.o
LOAD ./HAL/LCD/LCD_program.o
LOAD ./HAL/KPD/KPD_program.o
LOAD ./main.o
LOAD d:/embeded/tools/imt_sdk_win_32/winavr/bin/../lib/gcc/avr/4.3.3/avr5\libgcc.a
LOAD d:/embeded/tools/imt_sdk_win_32/winavr/bin/../lib/gcc/avr/4.3.3/../../../../avr/lib/avr5\libc.a
LOAD d:/embeded/tools/imt_sdk_win_32/winavr/bin/../lib/gcc/avr/4.3.3/avr5\libgcc.a

.hash
 *(.hash)

.dynsym
 *(.dynsym)

.dynstr
 *(.dynstr)

.gnu.version
 *(.gnu.version)

.gnu.version_d
 *(.gnu.version_d)

.gnu.version_r
 *(.gnu.version_r)

.rel.init
 *(.rel.init)

.rela.init
 *(.rela.init)

.rel.text
 *(.rel.text)
 *(.rel.text.*)
 *(.rel.gnu.linkonce.t*)

.rela.text
 *(.rela.text)
 *(.rela.text.*)
 *(.rela.gnu.linkonce.t*)

.rel.fini
 *(.rel.fini)

.rela.fini
 *(.rela.fini)

.rel.rodata
 *(.rel.rodata)
 *(.rel.rodata.*)
 *(.rel.gnu.linkonce.r*)

.rela.rodata
 *(.rela.rodata)
 *(.rela.rodata.*)
 *(.rela.gnu.linkonce.r*)

.rel.data
 *(.rel.data)
 *(.rel.data.*)
 *(.rel.gnu.linkonce.d*)

.rela.data
 *(.rela.data)
 *(.rela.data.*)
 *(.rela.gnu.linkonce.d*)

.rel.ctors
 *(.rel.ctors)

.rela.ctors
 *(.rela.ctors)

.rel.dtors
 *(.rel.dtors)

.rela.dtors
 *(.rela.dtors)

.rel.got
 *(.rel.got)

.rela.got
 *(.rela.got)

.rel.bss
 *(.rel.bss)

.rela.bss
 *(.rela.bss)

.rel.plt
 *(.rel.plt)

.rela.plt
 *(.rela.plt)

.text           0x00000000     0x4d5c
 *(.vectors)
 .vectors       0x00000000       0x54 d:/embeded/tools/imt_sdk_win_32/winavr/bin/../lib/gcc/avr/4.3.3/../../../../avr/lib/avr5/crtm32.o
                0x00000000                __vectors
                0x00000000                __vector_default
 *(.vectors)
 *(.progmem.gcc*)
 *(.progmem*)
                0x00000054                . = ALIGN (0x2)
                0x00000054                __trampolines_start = .
 *(.trampolines)
 .trampolines   0x00000054        0x0 linker stubs
 *(.trampolines*)
                0x00000054                __trampolines_end = .
 *(.jumptables)
 *(.jumptables*)
 *(.lowtext)
 *(.lowtext*)
                0x00000054                __ctors_start = .
 *(.ctors)
                0x00000054                __ctors_end = .
                0x00000054                __dtors_start = .
 *(.dtors)
                0x00000054                __dtors_end = .
 SORT(*)(.ctors)
 SORT(*)(.dtors)
 *(.init0)
 .init0         0x00000054        0x0 d:/embeded/tools/imt_sdk_win_32/winavr/bin/../lib/gcc/avr/4.3.3/../../../../avr/lib/avr5/crtm32.o
                0x00000054                __init
 *(.init0)
 *(.init1)
 *(.init1)
 *(.init2)
 .init2         0x00000054        0xc d:/embeded/tools/imt_sdk_win_32/winavr/bin/../lib/gcc/avr/4.3.3/../../../../avr/lib/avr5/crtm32.o
 *(.init2)
 *(.init3)
 *(.init3)
 *(.init4)
 .init4         0x00000060       0x16 d:/embeded/tools/imt_sdk_win_32/winavr/bin/../lib/gcc/avr/4.3.3/avr5\libgcc.a(_copy_data.o)
                0x00000060                __do_copy_data
 .init4         0x00000076       0x10 d:/embeded/tools/imt_sdk_win_32/winavr/bin/../lib/gcc/avr/4.3.3/avr5\libgcc.a(_clear_bss.o)
                0x00000076                __do_clear_bss
 *(.init4)
 *(.init5)
 *(.init5)
 *(.init6)
 *(.init6)
 *(.init7)
 *(.init7)
 *(.init8)
 *(.init8)
 *(.init9)
 .init9         0x00000086        0x8 d:/embeded/tools/imt_sdk_win_32/winavr/bin/../lib/gcc/avr/4.3.3/../../../../avr/lib/avr5/crtm32.o
 *(.init9)
 *(.text)
 .text          0x0000008e        0x4 d:/embeded/tools/imt_sdk_win_32/winavr/bin/../lib/gcc/avr/4.3.3/../../../../avr/lib/avr5/crtm32.o
                0x0000008e                __vector_1
                0x0000008e                __vector_12
                0x0000008e                __bad_interrupt
                0x0000008e                __vector_6
                0x0000008e                __vector_3
                0x0000008e                __vector_11
                0x0000008e                __vector_17
                0x0000008e                __vector_19
                0x0000008e                __vector_7
                0x0000008e                __vector_5
                0x0000008e                __vector_4
                0x0000008e                __vector_9
                0x0000008e                __vector_2
                0x0000008e                __vector_8
                0x0000008e                __vector_14
                0x0000008e                __vector_10
                0x0000008e                __vector_16
                0x0000008e                __vector_18
                0x0000008e                __vector_20
 .text          0x00000092        0x0 ./MCAL/UART/UART_programe.o
 .text          0x00000092        0x0 ./MCAL/DIO/DIO_program.o
 .text          0x00000092        0x0 ./HAL/LCD/LCD_program.o
 .text          0x00000092        0x0 ./HAL/KPD/KPD_program.o
 .text          0x00000092        0x0 ./main.o
 .text          0x00000092        0x0 d:/embeded/tools/imt_sdk_win_32/winavr/bin/../lib/gcc/avr/4.3.3/avr5\libgcc.a(_udivmodhi4.o)
 .text          0x00000092        0x0 d:/embeded/tools/imt_sdk_win_32/winavr/bin/../lib/gcc/avr/4.3.3/avr5\libgcc.a(_exit.o)
 .text          0x00000092        0x0 d:/embeded/tools/imt_sdk_win_32/winavr/bin/../lib/gcc/avr/4.3.3/avr5\libgcc.a(_copy_data.o)
 .text          0x00000092        0x0 d:/embeded/tools/imt_sdk_win_32/winavr/bin/../lib/gcc/avr/4.3.3/avr5\libgcc.a(_clear_bss.o)
 .text          0x00000092       0xfe d:/embeded/tools/imt_sdk_win_32/winavr/bin/../lib/gcc/avr/4.3.3/avr5\libgcc.a(_ashldi3.o)
                0x00000092                __ashldi3
 .text          0x00000190       0x58 d:/embeded/tools/imt_sdk_win_32/winavr/bin/../lib/gcc/avr/4.3.3/avr5\libgcc.a(_fixunssfsi.o)
                0x00000190                __fixunssfsi
 .text          0x000001e8      0xcea d:/embeded/tools/imt_sdk_win_32/winavr/bin/../lib/gcc/avr/4.3.3/avr5\libgcc.a(_udivdi3.o)
                0x000001e8                __udivdi3
 .text          0x00000ed2      0xce0 d:/embeded/tools/imt_sdk_win_32/winavr/bin/../lib/gcc/avr/4.3.3/avr5\libgcc.a(_umoddi3.o)
                0x00000ed2                __umoddi3
 .text          0x00001bb2      0x354 d:/embeded/tools/imt_sdk_win_32/winavr/bin/../lib/gcc/avr/4.3.3/avr5\libgcc.a(_addsub_sf.o)
                0x00001e4a                __subsf3
                0x00001eac                __addsf3
 .text          0x00001f06      0x1f4 d:/embeded/tools/imt_sdk_win_32/winavr/bin/../lib/gcc/avr/4.3.3/avr5\libgcc.a(_mul_sf.o)
                0x00001f06                __mulsf3
 .text          0x000020fa       0x60 d:/embeded/tools/imt_sdk_win_32/winavr/bin/../lib/gcc/avr/4.3.3/avr5\libgcc.a(_gt_sf.o)
                0x000020fa                __gtsf2
 .text          0x0000215a       0x60 d:/embeded/tools/imt_sdk_win_32/winavr/bin/../lib/gcc/avr/4.3.3/avr5\libgcc.a(_ge_sf.o)
                0x0000215a                __gesf2
 .text          0x000021ba       0x60 d:/embeded/tools/imt_sdk_win_32/winavr/bin/../lib/gcc/avr/4.3.3/avr5\libgcc.a(_lt_sf.o)
                0x000021ba                __ltsf2
 .text          0x0000221a       0xa8 d:/embeded/tools/imt_sdk_win_32/winavr/bin/../lib/gcc/avr/4.3.3/avr5\libgcc.a(_sf_to_si.o)
                0x0000221a                __fixsfsi
 .text          0x000022c2        0x0 d:/embeded/tools/imt_sdk_win_32/winavr/bin/../lib/gcc/avr/4.3.3/avr5\libgcc.a(_thenan_sf.o)
 .text          0x000022c2        0x0 d:/embeded/tools/imt_sdk_win_32/winavr/bin/../lib/gcc/avr/4.3.3/avr5\libgcc.a(_mulsi3.o)
 .text          0x000022c2        0x0 d:/embeded/tools/imt_sdk_win_32/winavr/bin/../lib/gcc/avr/4.3.3/avr5\libgcc.a(_udivmodsi4.o)
 .text          0x000022c2        0x0 d:/embeded/tools/imt_sdk_win_32/winavr/bin/../lib/gcc/avr/4.3.3/avr5\libgcc.a(_prologue.o)
 .text          0x000022c2        0x0 d:/embeded/tools/imt_sdk_win_32/winavr/bin/../lib/gcc/avr/4.3.3/avr5\libgcc.a(_epilogue.o)
 .text          0x000022c2        0x0 d:/embeded/tools/imt_sdk_win_32/winavr/bin/../lib/gcc/avr/4.3.3/avr5\libgcc.a(_clz.o)
 .text          0x000022c2      0x1aa d:/embeded/tools/imt_sdk_win_32/winavr/bin/../lib/gcc/avr/4.3.3/avr5\libgcc.a(_pack_sf.o)
                0x000022c2                __pack_f
 .text          0x0000246c       0xf0 d:/embeded/tools/imt_sdk_win_32/winavr/bin/../lib/gcc/avr/4.3.3/avr5\libgcc.a(_unpack_sf.o)
                0x0000246c                __unpack_f
 .text          0x0000255c       0xb2 d:/embeded/tools/imt_sdk_win_32/winavr/bin/../lib/gcc/avr/4.3.3/avr5\libgcc.a(_fpcmp_parts_sf.o)
                0x0000255c                __fpcmp_parts_f
                0x0000260e                . = ALIGN (0x2)
 *(.text.*)
 .text.UART_Init
                0x0000260e       0x58 ./MCAL/UART/UART_programe.o
                0x0000260e                UART_Init
 .text.UART_Send
                0x00002666       0x42 ./MCAL/UART/UART_programe.o
                0x00002666                UART_Send
 .text.UART_Rceive
                0x000026a8       0x2a ./MCAL/UART/UART_programe.o
                0x000026a8                UART_Rceive
 .text.UART_Send_String
                0x000026d2       0x58 ./MCAL/UART/UART_programe.o
                0x000026d2                UART_Send_String
 .text.UART_Recive_string
                0x0000272a       0x86 ./MCAL/UART/UART_programe.o
                0x0000272a                UART_Recive_string
 .text.UART_send_int_number
                0x000027b0       0x5a ./MCAL/UART/UART_programe.o
                0x000027b0                UART_send_int_number
 .text.UART_Receive_int_number
                0x0000280a       0x6e ./MCAL/UART/UART_programe.o
                0x0000280a                UART_Receive_int_number
 .text.UART_Perodic_Check_char
                0x00002878       0x46 ./MCAL/UART/UART_programe.o
                0x00002878                UART_Perodic_Check_char
 .text.UART_IRQ_Send_Data
                0x000028be       0x1c ./MCAL/UART/UART_programe.o
                0x000028be                UART_IRQ_Send_Data
 .text.UART_IRQ_Recive_Data
                0x000028da       0x14 ./MCAL/UART/UART_programe.o
                0x000028da                UART_IRQ_Recive_Data
 .text.UART_TX_Interrup_ENable
                0x000028ee       0x1c ./MCAL/UART/UART_programe.o
                0x000028ee                UART_TX_Interrup_ENable
 .text.UART_TX_Interrup_Disable
                0x0000290a       0x1c ./MCAL/UART/UART_programe.o
                0x0000290a                UART_TX_Interrup_Disable
 .text.UART_RX_Interrup_ENable
                0x00002926       0x1c ./MCAL/UART/UART_programe.o
                0x00002926                UART_RX_Interrup_ENable
 .text.UART_RX_Interrup_Disable
                0x00002942       0x1c ./MCAL/UART/UART_programe.o
                0x00002942                UART_RX_Interrup_Disable
 .text.UART_SendString_Asynch
                0x0000295e       0x3e ./MCAL/UART/UART_programe.o
                0x0000295e                UART_SendString_Asynch
 .text.UART_ReceiveString_Asynch
                0x0000299c       0x1c ./MCAL/UART/UART_programe.o
                0x0000299c                UART_ReceiveString_Asynch
 .text.__vector_15
                0x000029b8       0xa0 ./MCAL/UART/UART_programe.o
                0x000029b8                __vector_15
 .text.__vector_13
                0x00002a58       0x9c ./MCAL/UART/UART_programe.o
                0x00002a58                __vector_13
 .text.DIO_enumSetPinDirection
                0x00002af4      0x21e ./MCAL/DIO/DIO_program.o
                0x00002af4                DIO_enumSetPinDirection
 .text.DIO_enumSetPinValue
                0x00002d12      0x21e ./MCAL/DIO/DIO_program.o
                0x00002d12                DIO_enumSetPinValue
 .text.DIO_enumGetPinValue
                0x00002f30      0x18a ./MCAL/DIO/DIO_program.o
                0x00002f30                DIO_enumGetPinValue
 .text.DIO_enumTogglePinValue
                0x000030ba      0x110 ./MCAL/DIO/DIO_program.o
                0x000030ba                DIO_enumTogglePinValue
 .text.DIO_enumSetPortDirection
                0x000031ca       0x9a ./MCAL/DIO/DIO_program.o
                0x000031ca                DIO_enumSetPortDirection
 .text.DIO_enumSetPortValue
                0x00003264       0x9a ./MCAL/DIO/DIO_program.o
                0x00003264                DIO_enumSetPortValue
 .text.DIO_enumGetPortValue
                0x000032fe       0xae ./MCAL/DIO/DIO_program.o
                0x000032fe                DIO_enumGetPortValue
 .text.DIO_enumTogglePortValue
                0x000033ac       0xaa ./MCAL/DIO/DIO_program.o
                0x000033ac                DIO_enumTogglePortValue
 .text.LCD_voidInit
                0x00003456      0x674 ./HAL/LCD/LCD_program.o
                0x00003456                LCD_voidInit
 .text.LCD_voidSendCommand
                0x00003aca      0x12c ./HAL/LCD/LCD_program.o
                0x00003aca                LCD_voidSendCommand
 .text.LCD_voidSendData
                0x00003bf6      0x12c ./HAL/LCD/LCD_program.o
                0x00003bf6                LCD_voidSendData
 .text.LCD_voidSendFallingEdge
                0x00003d22      0x202 ./HAL/LCD/LCD_program.o
                0x00003d22                LCD_voidSendFallingEdge
 .text.LCD_voidClearScreen
                0x00003f24      0x110 ./HAL/LCD/LCD_program.o
                0x00003f24                LCD_voidClearScreen
 .text.LCD_voidSendString
                0x00004034       0x68 ./HAL/LCD/LCD_program.o
                0x00004034                LCD_voidSendString
 .text.LCD_voidSetPosition
                0x0000409c      0x14e ./HAL/LCD/LCD_program.o
                0x0000409c                LCD_voidSetPosition
 .text.LCD_voidSendChar
                0x000041ea       0x1a ./HAL/LCD/LCD_program.o
                0x000041ea                LCD_voidSendChar
 .text.LCD_voidSendNumber
                0x00004204      0x76a ./HAL/LCD/LCD_program.o
                0x00004204                LCD_voidSendNumber
 .text.KPD_voidInit
                0x0000496e       0xae ./HAL/KPD/KPD_program.o
                0x0000496e                KPD_voidInit
 .text.KPD_u8GetPresssed
                0x00004a1c      0x1cc ./HAL/KPD/KPD_program.o
                0x00004a1c                KPD_u8GetPresssed
 .text.main     0x00004be8       0x58 ./main.o
                0x00004be8                main
 .text.libgcc   0x00004c40       0x28 d:/embeded/tools/imt_sdk_win_32/winavr/bin/../lib/gcc/avr/4.3.3/avr5\libgcc.a(_udivmodhi4.o)
                0x00004c40                __udivmodhi4
 .text.libgcc   0x00004c68        0x0 d:/embeded/tools/imt_sdk_win_32/winavr/bin/../lib/gcc/avr/4.3.3/avr5\libgcc.a(_exit.o)
 .text.libgcc   0x00004c68        0x0 d:/embeded/tools/imt_sdk_win_32/winavr/bin/../lib/gcc/avr/4.3.3/avr5\libgcc.a(_copy_data.o)
 .text.libgcc   0x00004c68        0x0 d:/embeded/tools/imt_sdk_win_32/winavr/bin/../lib/gcc/avr/4.3.3/avr5\libgcc.a(_clear_bss.o)
 .text.libgcc   0x00004c68       0x3e d:/embeded/tools/imt_sdk_win_32/winavr/bin/../lib/gcc/avr/4.3.3/avr5\libgcc.a(_mulsi3.o)
                0x00004c68                __mulsi3
 .text.libgcc   0x00004ca6       0x44 d:/embeded/tools/imt_sdk_win_32/winavr/bin/../lib/gcc/avr/4.3.3/avr5\libgcc.a(_udivmodsi4.o)
                0x00004ca6                __udivmodsi4
 .text.libgcc   0x00004cea       0x38 d:/embeded/tools/imt_sdk_win_32/winavr/bin/../lib/gcc/avr/4.3.3/avr5\libgcc.a(_prologue.o)
                0x00004cea                __prologue_saves__
 .text.libgcc   0x00004d22       0x36 d:/embeded/tools/imt_sdk_win_32/winavr/bin/../lib/gcc/avr/4.3.3/avr5\libgcc.a(_epilogue.o)
                0x00004d22                __epilogue_restores__
                0x00004d58                . = ALIGN (0x2)
 *(.fini9)
 .fini9         0x00004d58        0x0 d:/embeded/tools/imt_sdk_win_32/winavr/bin/../lib/gcc/avr/4.3.3/avr5\libgcc.a(_exit.o)
                0x00004d58                exit
                0x00004d58                _exit
 *(.fini9)
 *(.fini8)
 *(.fini8)
 *(.fini7)
 *(.fini7)
 *(.fini6)
 *(.fini6)
 *(.fini5)
 *(.fini5)
 *(.fini4)
 *(.fini4)
 *(.fini3)
 *(.fini3)
 *(.fini2)
 *(.fini2)
 *(.fini1)
 *(.fini1)
 *(.fini0)
 .fini0         0x00004d58        0x4 d:/embeded/tools/imt_sdk_win_32/winavr/bin/../lib/gcc/avr/4.3.3/avr5\libgcc.a(_exit.o)
 *(.fini0)
                0x00004d5c                _etext = .

.data           0x00800060      0x11a load address 0x00004d5c
                0x00800060                PROVIDE (__data_start, .)
 *(.data)
 .data          0x00800060        0x0 d:/embeded/tools/imt_sdk_win_32/winavr/bin/../lib/gcc/avr/4.3.3/../../../../avr/lib/avr5/crtm32.o
 .data          0x00800060        0x0 ./MCAL/UART/UART_programe.o
 .data          0x00800060        0x0 ./MCAL/DIO/DIO_program.o
 .data          0x00800060        0x0 ./HAL/LCD/LCD_program.o
 .data          0x00800060        0x0 ./HAL/KPD/KPD_program.o
 .data          0x00800060        0x0 ./main.o
 .data          0x00800060        0x0 d:/embeded/tools/imt_sdk_win_32/winavr/bin/../lib/gcc/avr/4.3.3/avr5\libgcc.a(_udivmodhi4.o)
 .data          0x00800060        0x0 d:/embeded/tools/imt_sdk_win_32/winavr/bin/../lib/gcc/avr/4.3.3/avr5\libgcc.a(_exit.o)
 .data          0x00800060        0x0 d:/embeded/tools/imt_sdk_win_32/winavr/bin/../lib/gcc/avr/4.3.3/avr5\libgcc.a(_copy_data.o)
 .data          0x00800060        0x0 d:/embeded/tools/imt_sdk_win_32/winavr/bin/../lib/gcc/avr/4.3.3/avr5\libgcc.a(_clear_bss.o)
 .data          0x00800060        0x0 d:/embeded/tools/imt_sdk_win_32/winavr/bin/../lib/gcc/avr/4.3.3/avr5\libgcc.a(_ashldi3.o)
 .data          0x00800060        0x0 d:/embeded/tools/imt_sdk_win_32/winavr/bin/../lib/gcc/avr/4.3.3/avr5\libgcc.a(_fixunssfsi.o)
 .data          0x00800060        0x0 d:/embeded/tools/imt_sdk_win_32/winavr/bin/../lib/gcc/avr/4.3.3/avr5\libgcc.a(_udivdi3.o)
 .data          0x00800060        0x0 d:/embeded/tools/imt_sdk_win_32/winavr/bin/../lib/gcc/avr/4.3.3/avr5\libgcc.a(_umoddi3.o)
 .data          0x00800060        0x0 d:/embeded/tools/imt_sdk_win_32/winavr/bin/../lib/gcc/avr/4.3.3/avr5\libgcc.a(_addsub_sf.o)
 .data          0x00800060        0x0 d:/embeded/tools/imt_sdk_win_32/winavr/bin/../lib/gcc/avr/4.3.3/avr5\libgcc.a(_mul_sf.o)
 .data          0x00800060        0x0 d:/embeded/tools/imt_sdk_win_32/winavr/bin/../lib/gcc/avr/4.3.3/avr5\libgcc.a(_gt_sf.o)
 .data          0x00800060        0x0 d:/embeded/tools/imt_sdk_win_32/winavr/bin/../lib/gcc/avr/4.3.3/avr5\libgcc.a(_ge_sf.o)
 .data          0x00800060        0x0 d:/embeded/tools/imt_sdk_win_32/winavr/bin/../lib/gcc/avr/4.3.3/avr5\libgcc.a(_lt_sf.o)
 .data          0x00800060        0x0 d:/embeded/tools/imt_sdk_win_32/winavr/bin/../lib/gcc/avr/4.3.3/avr5\libgcc.a(_sf_to_si.o)
 .data          0x00800060        0x8 d:/embeded/tools/imt_sdk_win_32/winavr/bin/../lib/gcc/avr/4.3.3/avr5\libgcc.a(_thenan_sf.o)
                0x00800060                __thenan_sf
 .data          0x00800068        0x0 d:/embeded/tools/imt_sdk_win_32/winavr/bin/../lib/gcc/avr/4.3.3/avr5\libgcc.a(_mulsi3.o)
 .data          0x00800068        0x0 d:/embeded/tools/imt_sdk_win_32/winavr/bin/../lib/gcc/avr/4.3.3/avr5\libgcc.a(_udivmodsi4.o)
 .data          0x00800068        0x0 d:/embeded/tools/imt_sdk_win_32/winavr/bin/../lib/gcc/avr/4.3.3/avr5\libgcc.a(_prologue.o)
 .data          0x00800068        0x0 d:/embeded/tools/imt_sdk_win_32/winavr/bin/../lib/gcc/avr/4.3.3/avr5\libgcc.a(_epilogue.o)
 .data          0x00800068      0x100 d:/embeded/tools/imt_sdk_win_32/winavr/bin/../lib/gcc/avr/4.3.3/avr5\libgcc.a(_clz.o)
                0x00800068                __clz_tab
 .data          0x00800168        0x0 d:/embeded/tools/imt_sdk_win_32/winavr/bin/../lib/gcc/avr/4.3.3/avr5\libgcc.a(_pack_sf.o)
 .data          0x00800168        0x0 d:/embeded/tools/imt_sdk_win_32/winavr/bin/../lib/gcc/avr/4.3.3/avr5\libgcc.a(_unpack_sf.o)
 .data          0x00800168        0x0 d:/embeded/tools/imt_sdk_win_32/winavr/bin/../lib/gcc/avr/4.3.3/avr5\libgcc.a(_fpcmp_parts_sf.o)
 *(.data*)
 .data.i.1394   0x00800168        0x1 ./MCAL/UART/UART_programe.o
 .data.KPD_u8Buttons
                0x00800169       0x10 ./HAL/KPD/KPD_program.o
                0x00800169                KPD_u8Buttons
 *(.rodata)
 *(.rodata*)
 *(.gnu.linkonce.d*)
                0x0080017a                . = ALIGN (0x2)
 *fill*         0x00800179        0x1 00
                0x0080017a                _edata = .
                0x0080017a                PROVIDE (__data_end, .)

.bss            0x0080017a        0x6
                0x0080017a                PROVIDE (__bss_start, .)
 *(.bss)
 .bss           0x0080017a        0x0 d:/embeded/tools/imt_sdk_win_32/winavr/bin/../lib/gcc/avr/4.3.3/../../../../avr/lib/avr5/crtm32.o
 .bss           0x0080017a        0x0 ./MCAL/UART/UART_programe.o
 .bss           0x0080017a        0x0 ./MCAL/DIO/DIO_program.o
 .bss           0x0080017a        0x0 ./HAL/LCD/LCD_program.o
 .bss           0x0080017a        0x0 ./HAL/KPD/KPD_program.o
 .bss           0x0080017a        0x0 ./main.o
 .bss           0x0080017a        0x0 d:/embeded/tools/imt_sdk_win_32/winavr/bin/../lib/gcc/avr/4.3.3/avr5\libgcc.a(_udivmodhi4.o)
 .bss           0x0080017a        0x0 d:/embeded/tools/imt_sdk_win_32/winavr/bin/../lib/gcc/avr/4.3.3/avr5\libgcc.a(_exit.o)
 .bss           0x0080017a        0x0 d:/embeded/tools/imt_sdk_win_32/winavr/bin/../lib/gcc/avr/4.3.3/avr5\libgcc.a(_copy_data.o)
 .bss           0x0080017a        0x0 d:/embeded/tools/imt_sdk_win_32/winavr/bin/../lib/gcc/avr/4.3.3/avr5\libgcc.a(_clear_bss.o)
 .bss           0x0080017a        0x0 d:/embeded/tools/imt_sdk_win_32/winavr/bin/../lib/gcc/avr/4.3.3/avr5\libgcc.a(_ashldi3.o)
 .bss           0x0080017a        0x0 d:/embeded/tools/imt_sdk_win_32/winavr/bin/../lib/gcc/avr/4.3.3/avr5\libgcc.a(_fixunssfsi.o)
 .bss           0x0080017a        0x0 d:/embeded/tools/imt_sdk_win_32/winavr/bin/../lib/gcc/avr/4.3.3/avr5\libgcc.a(_udivdi3.o)
 .bss           0x0080017a        0x0 d:/embeded/tools/imt_sdk_win_32/winavr/bin/../lib/gcc/avr/4.3.3/avr5\libgcc.a(_umoddi3.o)
 .bss           0x0080017a        0x0 d:/embeded/tools/imt_sdk_win_32/winavr/bin/../lib/gcc/avr/4.3.3/avr5\libgcc.a(_addsub_sf.o)
 .bss           0x0080017a        0x0 d:/embeded/tools/imt_sdk_win_32/winavr/bin/../lib/gcc/avr/4.3.3/avr5\libgcc.a(_mul_sf.o)
 .bss           0x0080017a        0x0 d:/embeded/tools/imt_sdk_win_32/winavr/bin/../lib/gcc/avr/4.3.3/avr5\libgcc.a(_gt_sf.o)
 .bss           0x0080017a        0x0 d:/embeded/tools/imt_sdk_win_32/winavr/bin/../lib/gcc/avr/4.3.3/avr5\libgcc.a(_ge_sf.o)
 .bss           0x0080017a        0x0 d:/embeded/tools/imt_sdk_win_32/winavr/bin/../lib/gcc/avr/4.3.3/avr5\libgcc.a(_lt_sf.o)
 .bss           0x0080017a        0x0 d:/embeded/tools/imt_sdk_win_32/winavr/bin/../lib/gcc/avr/4.3.3/avr5\libgcc.a(_sf_to_si.o)
 .bss           0x0080017a        0x0 d:/embeded/tools/imt_sdk_win_32/winavr/bin/../lib/gcc/avr/4.3.3/avr5\libgcc.a(_thenan_sf.o)
 .bss           0x0080017a        0x0 d:/embeded/tools/imt_sdk_win_32/winavr/bin/../lib/gcc/avr/4.3.3/avr5\libgcc.a(_mulsi3.o)
 .bss           0x0080017a        0x0 d:/embeded/tools/imt_sdk_win_32/winavr/bin/../lib/gcc/avr/4.3.3/avr5\libgcc.a(_udivmodsi4.o)
 .bss           0x0080017a        0x0 d:/embeded/tools/imt_sdk_win_32/winavr/bin/../lib/gcc/avr/4.3.3/avr5\libgcc.a(_prologue.o)
 .bss           0x0080017a        0x0 d:/embeded/tools/imt_sdk_win_32/winavr/bin/../lib/gcc/avr/4.3.3/avr5\libgcc.a(_epilogue.o)
 .bss           0x0080017a        0x0 d:/embeded/tools/imt_sdk_win_32/winavr/bin/../lib/gcc/avr/4.3.3/avr5\libgcc.a(_clz.o)
 .bss           0x0080017a        0x0 d:/embeded/tools/imt_sdk_win_32/winavr/bin/../lib/gcc/avr/4.3.3/avr5\libgcc.a(_pack_sf.o)
 .bss           0x0080017a        0x0 d:/embeded/tools/imt_sdk_win_32/winavr/bin/../lib/gcc/avr/4.3.3/avr5\libgcc.a(_unpack_sf.o)
 .bss           0x0080017a        0x0 d:/embeded/tools/imt_sdk_win_32/winavr/bin/../lib/gcc/avr/4.3.3/avr5\libgcc.a(_fpcmp_parts_sf.o)
 *(.bss*)
 .bss.TX_str    0x0080017a        0x2 ./MCAL/UART/UART_programe.o
 .bss.flag_send
                0x0080017c        0x1 ./MCAL/UART/UART_programe.o
 .bss.x         0x0080017d        0x1 ./main.o
                0x0080017d                x
 .bss.y         0x0080017e        0x1 ./main.o
                0x0080017e                y
 *(COMMON)
 COMMON         0x0080017f        0x1 ./MCAL/UART/UART_programe.o
                0x0080017f                buffer
                0x00800180                PROVIDE (__bss_end, .)
                0x00004d5c                __data_load_start = LOADADDR (.data)
                0x00004e76                __data_load_end = (__data_load_start + SIZEOF (.data))

.noinit         0x00800180        0x0
                0x00800180                PROVIDE (__noinit_start, .)
 *(.noinit*)
                0x00800180                PROVIDE (__noinit_end, .)
                0x00800180                _end = .
                0x00800180                PROVIDE (__heap_start, .)

.eeprom         0x00810000        0x0
 *(.eeprom*)
                0x00810000                __eeprom_end = .

.fuse
 *(.fuse)
 *(.lfuse)
 *(.hfuse)
 *(.efuse)

.lock
 *(.lock*)

.signature
 *(.signature*)

.stab           0x00000000     0x282c
 *(.stab)
 .stab          0x00000000      0x888 ./MCAL/UART/UART_programe.o
 .stab          0x00000888      0x900 ./MCAL/DIO/DIO_program.o
                                0x90c (size before relaxing)
 .stab          0x00001188      0xfe4 ./HAL/LCD/LCD_program.o
                                0xff0 (size before relaxing)
 .stab          0x0000216c      0x4c8 ./HAL/KPD/KPD_program.o
                                0x660 (size before relaxing)
 .stab          0x00002634      0x1f8 ./main.o
                                0x45c (size before relaxing)

.stabstr        0x00000000     0x1169
 *(.stabstr)
 .stabstr       0x00000000     0x1169 ./MCAL/UART/UART_programe.o

.stab.excl
 *(.stab.excl)

.stab.exclstr
 *(.stab.exclstr)

.stab.index
 *(.stab.index)

.stab.indexstr
 *(.stab.indexstr)

.comment
 *(.comment)

.debug
 *(.debug)

.line
 *(.line)

.debug_srcinfo
 *(.debug_srcinfo)

.debug_sfnames
 *(.debug_sfnames)

.debug_aranges  0x00000000      0x1a0
 *(.debug_aranges)
 .debug_aranges
                0x00000000       0x20 d:/embeded/tools/imt_sdk_win_32/winavr/bin/../lib/gcc/avr/4.3.3/avr5\libgcc.a(_ashldi3.o)
 .debug_aranges
                0x00000020       0x20 d:/embeded/tools/imt_sdk_win_32/winavr/bin/../lib/gcc/avr/4.3.3/avr5\libgcc.a(_fixunssfsi.o)
 .debug_aranges
                0x00000040       0x20 d:/embeded/tools/imt_sdk_win_32/winavr/bin/../lib/gcc/avr/4.3.3/avr5\libgcc.a(_udivdi3.o)
 .debug_aranges
                0x00000060       0x20 d:/embeded/tools/imt_sdk_win_32/winavr/bin/../lib/gcc/avr/4.3.3/avr5\libgcc.a(_umoddi3.o)
 .debug_aranges
                0x00000080       0x20 d:/embeded/tools/imt_sdk_win_32/winavr/bin/../lib/gcc/avr/4.3.3/avr5\libgcc.a(_addsub_sf.o)
 .debug_aranges
                0x000000a0       0x20 d:/embeded/tools/imt_sdk_win_32/winavr/bin/../lib/gcc/avr/4.3.3/avr5\libgcc.a(_mul_sf.o)
 .debug_aranges
                0x000000c0       0x20 d:/embeded/tools/imt_sdk_win_32/winavr/bin/../lib/gcc/avr/4.3.3/avr5\libgcc.a(_gt_sf.o)
 .debug_aranges
                0x000000e0       0x20 d:/embeded/tools/imt_sdk_win_32/winavr/bin/../lib/gcc/avr/4.3.3/avr5\libgcc.a(_ge_sf.o)
 .debug_aranges
                0x00000100       0x20 d:/embeded/tools/imt_sdk_win_32/winavr/bin/../lib/gcc/avr/4.3.3/avr5\libgcc.a(_lt_sf.o)
 .debug_aranges
                0x00000120       0x20 d:/embeded/tools/imt_sdk_win_32/winavr/bin/../lib/gcc/avr/4.3.3/avr5\libgcc.a(_sf_to_si.o)
 .debug_aranges
                0x00000140       0x20 d:/embeded/tools/imt_sdk_win_32/winavr/bin/../lib/gcc/avr/4.3.3/avr5\libgcc.a(_pack_sf.o)
 .debug_aranges
                0x00000160       0x20 d:/embeded/tools/imt_sdk_win_32/winavr/bin/../lib/gcc/avr/4.3.3/avr5\libgcc.a(_unpack_sf.o)
 .debug_aranges
                0x00000180       0x20 d:/embeded/tools/imt_sdk_win_32/winavr/bin/../lib/gcc/avr/4.3.3/avr5\libgcc.a(_fpcmp_parts_sf.o)

.debug_pubnames
                0x00000000      0x1f0
 *(.debug_pubnames)
 .debug_pubnames
                0x00000000       0x20 d:/embeded/tools/imt_sdk_win_32/winavr/bin/../lib/gcc/avr/4.3.3/avr5\libgcc.a(_ashldi3.o)
 .debug_pubnames
                0x00000020       0x23 d:/embeded/tools/imt_sdk_win_32/winavr/bin/../lib/gcc/avr/4.3.3/avr5\libgcc.a(_fixunssfsi.o)
 .debug_pubnames
                0x00000043       0x20 d:/embeded/tools/imt_sdk_win_32/winavr/bin/../lib/gcc/avr/4.3.3/avr5\libgcc.a(_udivdi3.o)
 .debug_pubnames
                0x00000063       0x20 d:/embeded/tools/imt_sdk_win_32/winavr/bin/../lib/gcc/avr/4.3.3/avr5\libgcc.a(_umoddi3.o)
 .debug_pubnames
                0x00000083       0x2c d:/embeded/tools/imt_sdk_win_32/winavr/bin/../lib/gcc/avr/4.3.3/avr5\libgcc.a(_addsub_sf.o)
 .debug_pubnames
                0x000000af       0x1f d:/embeded/tools/imt_sdk_win_32/winavr/bin/../lib/gcc/avr/4.3.3/avr5\libgcc.a(_mul_sf.o)
 .debug_pubnames
                0x000000ce       0x1e d:/embeded/tools/imt_sdk_win_32/winavr/bin/../lib/gcc/avr/4.3.3/avr5\libgcc.a(_gt_sf.o)
 .debug_pubnames
                0x000000ec       0x1e d:/embeded/tools/imt_sdk_win_32/winavr/bin/../lib/gcc/avr/4.3.3/avr5\libgcc.a(_ge_sf.o)
 .debug_pubnames
                0x0000010a       0x1e d:/embeded/tools/imt_sdk_win_32/winavr/bin/../lib/gcc/avr/4.3.3/avr5\libgcc.a(_lt_sf.o)
 .debug_pubnames
                0x00000128       0x20 d:/embeded/tools/imt_sdk_win_32/winavr/bin/../lib/gcc/avr/4.3.3/avr5\libgcc.a(_sf_to_si.o)
 .debug_pubnames
                0x00000148       0x22 d:/embeded/tools/imt_sdk_win_32/winavr/bin/../lib/gcc/avr/4.3.3/avr5\libgcc.a(_thenan_sf.o)
 .debug_pubnames
                0x0000016a       0x20 d:/embeded/tools/imt_sdk_win_32/winavr/bin/../lib/gcc/avr/4.3.3/avr5\libgcc.a(_clz.o)
 .debug_pubnames
                0x0000018a       0x1f d:/embeded/tools/imt_sdk_win_32/winavr/bin/../lib/gcc/avr/4.3.3/avr5\libgcc.a(_pack_sf.o)
 .debug_pubnames
                0x000001a9       0x21 d:/embeded/tools/imt_sdk_win_32/winavr/bin/../lib/gcc/avr/4.3.3/avr5\libgcc.a(_unpack_sf.o)
 .debug_pubnames
                0x000001ca       0x26 d:/embeded/tools/imt_sdk_win_32/winavr/bin/../lib/gcc/avr/4.3.3/avr5\libgcc.a(_fpcmp_parts_sf.o)

.debug_info     0x00000000     0x2ce6
 *(.debug_info)
 .debug_info    0x00000000      0x17f d:/embeded/tools/imt_sdk_win_32/winavr/bin/../lib/gcc/avr/4.3.3/avr5\libgcc.a(_ashldi3.o)
 .debug_info    0x0000017f       0xb1 d:/embeded/tools/imt_sdk_win_32/winavr/bin/../lib/gcc/avr/4.3.3/avr5\libgcc.a(_fixunssfsi.o)
 .debug_info    0x00000230      0x71e d:/embeded/tools/imt_sdk_win_32/winavr/bin/../lib/gcc/avr/4.3.3/avr5\libgcc.a(_udivdi3.o)
 .debug_info    0x0000094e      0x757 d:/embeded/tools/imt_sdk_win_32/winavr/bin/../lib/gcc/avr/4.3.3/avr5\libgcc.a(_umoddi3.o)
 .debug_info    0x000010a5      0x47a d:/embeded/tools/imt_sdk_win_32/winavr/bin/../lib/gcc/avr/4.3.3/avr5\libgcc.a(_addsub_sf.o)
 .debug_info    0x0000151f      0x485 d:/embeded/tools/imt_sdk_win_32/winavr/bin/../lib/gcc/avr/4.3.3/avr5\libgcc.a(_mul_sf.o)
 .debug_info    0x000019a4      0x27f d:/embeded/tools/imt_sdk_win_32/winavr/bin/../lib/gcc/avr/4.3.3/avr5\libgcc.a(_gt_sf.o)
 .debug_info    0x00001c23      0x27f d:/embeded/tools/imt_sdk_win_32/winavr/bin/../lib/gcc/avr/4.3.3/avr5\libgcc.a(_ge_sf.o)
 .debug_info    0x00001ea2      0x27f d:/embeded/tools/imt_sdk_win_32/winavr/bin/../lib/gcc/avr/4.3.3/avr5\libgcc.a(_lt_sf.o)
 .debug_info    0x00002121      0x2b0 d:/embeded/tools/imt_sdk_win_32/winavr/bin/../lib/gcc/avr/4.3.3/avr5\libgcc.a(_sf_to_si.o)
 .debug_info    0x000023d1      0x12c d:/embeded/tools/imt_sdk_win_32/winavr/bin/../lib/gcc/avr/4.3.3/avr5\libgcc.a(_thenan_sf.o)
 .debug_info    0x000024fd       0xa9 d:/embeded/tools/imt_sdk_win_32/winavr/bin/../lib/gcc/avr/4.3.3/avr5\libgcc.a(_clz.o)
 .debug_info    0x000025a6      0x2df d:/embeded/tools/imt_sdk_win_32/winavr/bin/../lib/gcc/avr/4.3.3/avr5\libgcc.a(_pack_sf.o)
 .debug_info    0x00002885      0x251 d:/embeded/tools/imt_sdk_win_32/winavr/bin/../lib/gcc/avr/4.3.3/avr5\libgcc.a(_unpack_sf.o)
 .debug_info    0x00002ad6      0x210 d:/embeded/tools/imt_sdk_win_32/winavr/bin/../lib/gcc/avr/4.3.3/avr5\libgcc.a(_fpcmp_parts_sf.o)
 *(.gnu.linkonce.wi.*)

.debug_abbrev   0x00000000     0x1354
 *(.debug_abbrev)
 .debug_abbrev  0x00000000       0xee d:/embeded/tools/imt_sdk_win_32/winavr/bin/../lib/gcc/avr/4.3.3/avr5\libgcc.a(_ashldi3.o)
 .debug_abbrev  0x000000ee       0x5d d:/embeded/tools/imt_sdk_win_32/winavr/bin/../lib/gcc/avr/4.3.3/avr5\libgcc.a(_fixunssfsi.o)
 .debug_abbrev  0x0000014b      0x181 d:/embeded/tools/imt_sdk_win_32/winavr/bin/../lib/gcc/avr/4.3.3/avr5\libgcc.a(_udivdi3.o)
 .debug_abbrev  0x000002cc      0x190 d:/embeded/tools/imt_sdk_win_32/winavr/bin/../lib/gcc/avr/4.3.3/avr5\libgcc.a(_umoddi3.o)
 .debug_abbrev  0x0000045c      0x1ea d:/embeded/tools/imt_sdk_win_32/winavr/bin/../lib/gcc/avr/4.3.3/avr5\libgcc.a(_addsub_sf.o)
 .debug_abbrev  0x00000646      0x21b d:/embeded/tools/imt_sdk_win_32/winavr/bin/../lib/gcc/avr/4.3.3/avr5\libgcc.a(_mul_sf.o)
 .debug_abbrev  0x00000861      0x15a d:/embeded/tools/imt_sdk_win_32/winavr/bin/../lib/gcc/avr/4.3.3/avr5\libgcc.a(_gt_sf.o)
 .debug_abbrev  0x000009bb      0x15a d:/embeded/tools/imt_sdk_win_32/winavr/bin/../lib/gcc/avr/4.3.3/avr5\libgcc.a(_ge_sf.o)
 .debug_abbrev  0x00000b15      0x15a d:/embeded/tools/imt_sdk_win_32/winavr/bin/../lib/gcc/avr/4.3.3/avr5\libgcc.a(_lt_sf.o)
 .debug_abbrev  0x00000c6f      0x17f d:/embeded/tools/imt_sdk_win_32/winavr/bin/../lib/gcc/avr/4.3.3/avr5\libgcc.a(_sf_to_si.o)
 .debug_abbrev  0x00000dee       0xad d:/embeded/tools/imt_sdk_win_32/winavr/bin/../lib/gcc/avr/4.3.3/avr5\libgcc.a(_thenan_sf.o)
 .debug_abbrev  0x00000e9b       0x6a d:/embeded/tools/imt_sdk_win_32/winavr/bin/../lib/gcc/avr/4.3.3/avr5\libgcc.a(_clz.o)
 .debug_abbrev  0x00000f05      0x1c0 d:/embeded/tools/imt_sdk_win_32/winavr/bin/../lib/gcc/avr/4.3.3/avr5\libgcc.a(_pack_sf.o)
 .debug_abbrev  0x000010c5      0x154 d:/embeded/tools/imt_sdk_win_32/winavr/bin/../lib/gcc/avr/4.3.3/avr5\libgcc.a(_unpack_sf.o)
 .debug_abbrev  0x00001219      0x13b d:/embeded/tools/imt_sdk_win_32/winavr/bin/../lib/gcc/avr/4.3.3/avr5\libgcc.a(_fpcmp_parts_sf.o)

.debug_line     0x00000000     0x1308
 *(.debug_line)
 .debug_line    0x00000000       0xd7 d:/embeded/tools/imt_sdk_win_32/winavr/bin/../lib/gcc/avr/4.3.3/avr5\libgcc.a(_ashldi3.o)
 .debug_line    0x000000d7       0xa7 d:/embeded/tools/imt_sdk_win_32/winavr/bin/../lib/gcc/avr/4.3.3/avr5\libgcc.a(_fixunssfsi.o)
 .debug_line    0x0000017e      0x1d8 d:/embeded/tools/imt_sdk_win_32/winavr/bin/../lib/gcc/avr/4.3.3/avr5\libgcc.a(_udivdi3.o)
 .debug_line    0x00000356      0x230 d:/embeded/tools/imt_sdk_win_32/winavr/bin/../lib/gcc/avr/4.3.3/avr5\libgcc.a(_umoddi3.o)
 .debug_line    0x00000586      0x2af d:/embeded/tools/imt_sdk_win_32/winavr/bin/../lib/gcc/avr/4.3.3/avr5\libgcc.a(_addsub_sf.o)
 .debug_line    0x00000835      0x239 d:/embeded/tools/imt_sdk_win_32/winavr/bin/../lib/gcc/avr/4.3.3/avr5\libgcc.a(_mul_sf.o)
 .debug_line    0x00000a6e       0xd3 d:/embeded/tools/imt_sdk_win_32/winavr/bin/../lib/gcc/avr/4.3.3/avr5\libgcc.a(_gt_sf.o)
 .debug_line    0x00000b41       0xd3 d:/embeded/tools/imt_sdk_win_32/winavr/bin/../lib/gcc/avr/4.3.3/avr5\libgcc.a(_ge_sf.o)
 .debug_line    0x00000c14       0xd3 d:/embeded/tools/imt_sdk_win_32/winavr/bin/../lib/gcc/avr/4.3.3/avr5\libgcc.a(_lt_sf.o)
 .debug_line    0x00000ce7      0x109 d:/embeded/tools/imt_sdk_win_32/winavr/bin/../lib/gcc/avr/4.3.3/avr5\libgcc.a(_sf_to_si.o)
 .debug_line    0x00000df0       0x90 d:/embeded/tools/imt_sdk_win_32/winavr/bin/../lib/gcc/avr/4.3.3/avr5\libgcc.a(_thenan_sf.o)
 .debug_line    0x00000e80       0x7c d:/embeded/tools/imt_sdk_win_32/winavr/bin/../lib/gcc/avr/4.3.3/avr5\libgcc.a(_clz.o)
 .debug_line    0x00000efc      0x18a d:/embeded/tools/imt_sdk_win_32/winavr/bin/../lib/gcc/avr/4.3.3/avr5\libgcc.a(_pack_sf.o)
 .debug_line    0x00001086      0x14b d:/embeded/tools/imt_sdk_win_32/winavr/bin/../lib/gcc/avr/4.3.3/avr5\libgcc.a(_unpack_sf.o)
 .debug_line    0x000011d1      0x137 d:/embeded/tools/imt_sdk_win_32/winavr/bin/../lib/gcc/avr/4.3.3/avr5\libgcc.a(_fpcmp_parts_sf.o)

.debug_frame    0x00000000      0x1c0
 *(.debug_frame)
 .debug_frame   0x00000000       0x20 d:/embeded/tools/imt_sdk_win_32/winavr/bin/../lib/gcc/avr/4.3.3/avr5\libgcc.a(_ashldi3.o)
 .debug_frame   0x00000020       0x20 d:/embeded/tools/imt_sdk_win_32/winavr/bin/../lib/gcc/avr/4.3.3/avr5\libgcc.a(_fixunssfsi.o)
 .debug_frame   0x00000040       0x20 d:/embeded/tools/imt_sdk_win_32/winavr/bin/../lib/gcc/avr/4.3.3/avr5\libgcc.a(_udivdi3.o)
 .debug_frame   0x00000060       0x20 d:/embeded/tools/imt_sdk_win_32/winavr/bin/../lib/gcc/avr/4.3.3/avr5\libgcc.a(_umoddi3.o)
 .debug_frame   0x00000080       0x40 d:/embeded/tools/imt_sdk_win_32/winavr/bin/../lib/gcc/avr/4.3.3/avr5\libgcc.a(_addsub_sf.o)
 .debug_frame   0x000000c0       0x20 d:/embeded/tools/imt_sdk_win_32/winavr/bin/../lib/gcc/avr/4.3.3/avr5\libgcc.a(_mul_sf.o)
 .debug_frame   0x000000e0       0x20 d:/embeded/tools/imt_sdk_win_32/winavr/bin/../lib/gcc/avr/4.3.3/avr5\libgcc.a(_gt_sf.o)
 .debug_frame   0x00000100       0x20 d:/embeded/tools/imt_sdk_win_32/winavr/bin/../lib/gcc/avr/4.3.3/avr5\libgcc.a(_ge_sf.o)
 .debug_frame   0x00000120       0x20 d:/embeded/tools/imt_sdk_win_32/winavr/bin/../lib/gcc/avr/4.3.3/avr5\libgcc.a(_lt_sf.o)
 .debug_frame   0x00000140       0x20 d:/embeded/tools/imt_sdk_win_32/winavr/bin/../lib/gcc/avr/4.3.3/avr5\libgcc.a(_sf_to_si.o)
 .debug_frame   0x00000160       0x20 d:/embeded/tools/imt_sdk_win_32/winavr/bin/../lib/gcc/avr/4.3.3/avr5\libgcc.a(_pack_sf.o)
 .debug_frame   0x00000180       0x20 d:/embeded/tools/imt_sdk_win_32/winavr/bin/../lib/gcc/avr/4.3.3/avr5\libgcc.a(_unpack_sf.o)
 .debug_frame   0x000001a0       0x20 d:/embeded/tools/imt_sdk_win_32/winavr/bin/../lib/gcc/avr/4.3.3/avr5\libgcc.a(_fpcmp_parts_sf.o)

.debug_str      0x00000000      0x340
 *(.debug_str)
 .debug_str     0x00000000       0xdf d:/embeded/tools/imt_sdk_win_32/winavr/bin/../lib/gcc/avr/4.3.3/avr5\libgcc.a(_ashldi3.o)
                                0x131 (size before relaxing)
 .debug_str     0x000000df       0x14 d:/embeded/tools/imt_sdk_win_32/winavr/bin/../lib/gcc/avr/4.3.3/avr5\libgcc.a(_fixunssfsi.o)
                                 0xfe (size before relaxing)
 .debug_str     0x000000f3       0x7c d:/embeded/tools/imt_sdk_win_32/winavr/bin/../lib/gcc/avr/4.3.3/avr5\libgcc.a(_udivdi3.o)
                                0x18a (size before relaxing)
 .debug_str     0x0000016f        0xa d:/embeded/tools/imt_sdk_win_32/winavr/bin/../lib/gcc/avr/4.3.3/avr5\libgcc.a(_umoddi3.o)
                                0x18a (size before relaxing)
 .debug_str     0x00000179      0x14d d:/embeded/tools/imt_sdk_win_32/winavr/bin/../lib/gcc/avr/4.3.3/avr5\libgcc.a(_addsub_sf.o)
                                0x206 (size before relaxing)
 .debug_str     0x000002c6       0x27 d:/embeded/tools/imt_sdk_win_32/winavr/bin/../lib/gcc/avr/4.3.3/avr5\libgcc.a(_mul_sf.o)
                                0x1bf (size before relaxing)
 .debug_str     0x000002ed        0x8 d:/embeded/tools/imt_sdk_win_32/winavr/bin/../lib/gcc/avr/4.3.3/avr5\libgcc.a(_gt_sf.o)
                                0x195 (size before relaxing)
 .debug_str     0x000002f5        0x8 d:/embeded/tools/imt_sdk_win_32/winavr/bin/../lib/gcc/avr/4.3.3/avr5\libgcc.a(_ge_sf.o)
                                0x195 (size before relaxing)
 .debug_str     0x000002fd        0x8 d:/embeded/tools/imt_sdk_win_32/winavr/bin/../lib/gcc/avr/4.3.3/avr5\libgcc.a(_lt_sf.o)
                                0x195 (size before relaxing)
 .debug_str     0x00000305        0xa d:/embeded/tools/imt_sdk_win_32/winavr/bin/../lib/gcc/avr/4.3.3/avr5\libgcc.a(_sf_to_si.o)
                                0x19e (size before relaxing)
 .debug_str     0x00000000      0x103 d:/embeded/tools/imt_sdk_win_32/winavr/bin/../lib/gcc/avr/4.3.3/avr5\libgcc.a(_thenan_sf.o)
 .debug_str     0x00000000       0xf4 d:/embeded/tools/imt_sdk_win_32/winavr/bin/../lib/gcc/avr/4.3.3/avr5\libgcc.a(_clz.o)
 .debug_str     0x0000030f       0x16 d:/embeded/tools/imt_sdk_win_32/winavr/bin/../lib/gcc/avr/4.3.3/avr5\libgcc.a(_pack_sf.o)
                                0x19d (size before relaxing)
 .debug_str     0x00000325        0xb d:/embeded/tools/imt_sdk_win_32/winavr/bin/../lib/gcc/avr/4.3.3/avr5\libgcc.a(_unpack_sf.o)
                                0x17f (size before relaxing)
 .debug_str     0x00000330       0x10 d:/embeded/tools/imt_sdk_win_32/winavr/bin/../lib/gcc/avr/4.3.3/avr5\libgcc.a(_fpcmp_parts_sf.o)
                                0x163 (size before relaxing)

.debug_loc      0x00000000     0x21ec
 *(.debug_loc)
 .debug_loc     0x00000000       0xf8 d:/embeded/tools/imt_sdk_win_32/winavr/bin/../lib/gcc/avr/4.3.3/avr5\libgcc.a(_ashldi3.o)
 .debug_loc     0x000000f8       0x34 d:/embeded/tools/imt_sdk_win_32/winavr/bin/../lib/gcc/avr/4.3.3/avr5\libgcc.a(_fixunssfsi.o)
 .debug_loc     0x0000012c      0xe74 d:/embeded/tools/imt_sdk_win_32/winavr/bin/../lib/gcc/avr/4.3.3/avr5\libgcc.a(_udivdi3.o)
 .debug_loc     0x00000fa0      0xab2 d:/embeded/tools/imt_sdk_win_32/winavr/bin/../lib/gcc/avr/4.3.3/avr5\libgcc.a(_umoddi3.o)
 .debug_loc     0x00001a52      0x32a d:/embeded/tools/imt_sdk_win_32/winavr/bin/../lib/gcc/avr/4.3.3/avr5\libgcc.a(_addsub_sf.o)
 .debug_loc     0x00001d7c      0x104 d:/embeded/tools/imt_sdk_win_32/winavr/bin/../lib/gcc/avr/4.3.3/avr5\libgcc.a(_mul_sf.o)
 .debug_loc     0x00001e80       0x3c d:/embeded/tools/imt_sdk_win_32/winavr/bin/../lib/gcc/avr/4.3.3/avr5\libgcc.a(_gt_sf.o)
 .debug_loc     0x00001ebc       0x3c d:/embeded/tools/imt_sdk_win_32/winavr/bin/../lib/gcc/avr/4.3.3/avr5\libgcc.a(_ge_sf.o)
 .debug_loc     0x00001ef8       0x3c d:/embeded/tools/imt_sdk_win_32/winavr/bin/../lib/gcc/avr/4.3.3/avr5\libgcc.a(_lt_sf.o)
 .debug_loc     0x00001f34       0x7e d:/embeded/tools/imt_sdk_win_32/winavr/bin/../lib/gcc/avr/4.3.3/avr5\libgcc.a(_sf_to_si.o)
 .debug_loc     0x00001fb2      0x13e d:/embeded/tools/imt_sdk_win_32/winavr/bin/../lib/gcc/avr/4.3.3/avr5\libgcc.a(_pack_sf.o)
 .debug_loc     0x000020f0       0xac d:/embeded/tools/imt_sdk_win_32/winavr/bin/../lib/gcc/avr/4.3.3/avr5\libgcc.a(_unpack_sf.o)
 .debug_loc     0x0000219c       0x50 d:/embeded/tools/imt_sdk_win_32/winavr/bin/../lib/gcc/avr/4.3.3/avr5\libgcc.a(_fpcmp_parts_sf.o)

.debug_macinfo
 *(.debug_macinfo)
OUTPUT(AVR_MASTERING.elf elf32-avr)
LOAD linker stubs

.debug_ranges   0x00000000       0x80
 .debug_ranges  0x00000000       0x18 d:/embeded/tools/imt_sdk_win_32/winavr/bin/../lib/gcc/avr/4.3.3/avr5\libgcc.a(_udivdi3.o)
 .debug_ranges  0x00000018       0x18 d:/embeded/tools/imt_sdk_win_32/winavr/bin/../lib/gcc/avr/4.3.3/avr5\libgcc.a(_umoddi3.o)
 .debug_ranges  0x00000030       0x50 d:/embeded/tools/imt_sdk_win_32/winavr/bin/../lib/gcc/avr/4.3.3/avr5\libgcc.a(_mul_sf.o)
