../Inc/Stm32f103c6_Drivers/HAL/LCD/LCD_program.c:8:6:LCD_voidInit	8	static
../Inc/Stm32f103c6_Drivers/HAL/LCD/LCD_program.c:53:7:LCD_voidSendCommand	24	static
../Inc/Stm32f103c6_Drivers/HAL/LCD/LCD_program.c:76:7:LCD_voidSendData	24	static
../Inc/Stm32f103c6_Drivers/HAL/LCD/LCD_program.c:99:8:LCD_voidSendFallingEdge	8	static
../Inc/Stm32f103c6_Drivers/HAL/LCD/LCD_program.c:106:8:LCD_voidClearScreen	8	static
../Inc/Stm32f103c6_Drivers/HAL/LCD/LCD_program.c:110:8:LCD_voidSendString	24	static
../Inc/Stm32f103c6_Drivers/HAL/LCD/LCD_program.c:118:8:LCD_voidSetPosition	24	static
