
Memory Configuration

Name             Origin             Length             Attributes
flash            0x08000000         0x00020000         xr
SRAM             0x20000000         0x00005000         xrw
*default*        0x00000000         0xffffffff

Linker script and memory map


.text           0x08000000      0x12b
 *(.vector*)
 .vectors       0x08000000       0x1c startup.o
                0x08000000                vectors
 *(.text*)
 .text          0x0800001c       0x7c main.o
                0x0800001c                main
 .text          0x08000098       0x90 startup.o
                0x08000098                h_fault_handler
                0x08000098                mm_fault_handler
                0x08000098                usage_fault_handler
                0x08000098                defualt_handler
                0x08000098                nmi_handler
                0x08000098                bus_fault_handler
                0x080000a4                reset_handler
 *(.rodata)
 .rodata        0x08000128        0x3 main.o
                0x08000128                c_variable
                0x0800012b                _E_text = .

.glue_7         0x0800012c        0x0
 .glue_7        0x0800012c        0x0 linker stubs

.glue_7t        0x0800012c        0x0
 .glue_7t       0x0800012c        0x0 linker stubs

.vfp11_veneer   0x0800012c        0x0
 .vfp11_veneer  0x0800012c        0x0 linker stubs

.v4_bx          0x0800012c        0x0
 .v4_bx         0x0800012c        0x0 linker stubs

.iplt           0x0800012c        0x0
 .iplt          0x0800012c        0x0 main.o

.rel.dyn        0x0800012c        0x0
 .rel.iplt      0x0800012c        0x0 main.o

.data           0x20000000        0x8 load address 0x0800012b
                0x20000000                _S_data = .
 *(.data)
 .data          0x20000000        0x8 main.o
                0x20000000                g_variable
                0x20000004                R_ODR
 .data          0x20000008        0x0 startup.o
                0x20000008                . = ALIGN (0x4)
                0x20000008                _E_data = .

.igot.plt       0x20000008        0x0 load address 0x08000133
 .igot.plt      0x20000008        0x0 main.o

.bss            0x20000008     0x1000 load address 0x08000133
                0x20000008                _S_bss = .
 *(.bss)
 .bss           0x20000008        0x0 main.o
 .bss           0x20000008        0x0 startup.o
                0x20000008                _E_bss = .
                0x20000008                . = ALIGN (0x4)
                0x20001008                . = (. + 0x1000)
 *fill*         0x20000008     0x1000 
                0x20001008                _stack_top = .
LOAD main.o
LOAD startup.o
OUTPUT(learn-in-depth_cortex_m3.elf elf32-littlearm)

.debug_info     0x00000000      0xc0e
 .debug_info    0x00000000      0xa70 main.o
 .debug_info    0x00000a70      0x19e startup.o

.debug_abbrev   0x00000000      0x2ad
 .debug_abbrev  0x00000000      0x1d7 main.o
 .debug_abbrev  0x000001d7       0xd6 startup.o

.debug_loc      0x00000000       0xb4
 .debug_loc     0x00000000       0x38 main.o
 .debug_loc     0x00000038       0x7c startup.o

.debug_aranges  0x00000000       0x40
 .debug_aranges
                0x00000000       0x20 main.o
 .debug_aranges
                0x00000020       0x20 startup.o

.debug_line     0x00000000      0x279
 .debug_line    0x00000000      0x13d main.o
 .debug_line    0x0000013d      0x13c startup.o

.debug_str      0x00000000      0x615
 .debug_str     0x00000000      0x516 main.o
                                0x57a (size before relaxing)
 .debug_str     0x00000516       0xff startup.o
                                0x1e1 (size before relaxing)

.comment        0x00000000       0x7e
 .comment       0x00000000       0x7e main.o
                                 0x7f (size before relaxing)
 .comment       0x0000007e       0x7f startup.o

.ARM.attributes
                0x00000000       0x33
 .ARM.attributes
                0x00000000       0x33 main.o
 .ARM.attributes
                0x00000033       0x33 startup.o

.debug_frame    0x00000000       0x7c
 .debug_frame   0x00000000       0x2c main.o
 .debug_frame   0x0000002c       0x50 startup.o
