
Memory Configuration

Name             Origin             Length             Attributes
Mem              0x00000000         0x04000000         xrw
*default*        0x00000000         0xffffffff

Linker script and memory map

                0x00010000                . = 0x10000

.startup        0x00010000       0x10
 startup.o(.text)
 .text          0x00010000       0x10 startup.o
                0x00010000                reset

.text           0x00010010       0x74
 *(.text)
 .text          0x00010010       0x20 app.o
                0x00010010                main
 .text          0x00010030       0x54 uart.o
                0x00010030                Uart_Send_String
 *(.rodate)

.rodata         0x00010084       0x64
 .rodata        0x00010084       0x64 app.o
                0x00010084                string_buffer2

.glue_7         0x000100e8        0x0
 .glue_7        0x000100e8        0x0 linker stubs

.glue_7t        0x000100e8        0x0
 .glue_7t       0x000100e8        0x0 linker stubs

.vfp11_veneer   0x000100e8        0x0
 .vfp11_veneer  0x000100e8        0x0 linker stubs

.v4_bx          0x000100e8        0x0
 .v4_bx         0x000100e8        0x0 linker stubs

.iplt           0x000100e8        0x0
 .iplt          0x000100e8        0x0 startup.o

.rel.dyn        0x000100e8        0x0
 .rel.iplt      0x000100e8        0x0 startup.o

.data           0x000100e8       0x64
 *(.data)
 .data          0x000100e8        0x0 startup.o
 .data          0x000100e8       0x64 app.o
                0x000100e8                string_buffer
 .data          0x0001014c        0x0 uart.o

.igot.plt       0x0001014c        0x0
 .igot.plt      0x0001014c        0x0 startup.o

.bss            0x0001014c        0x0
 *(.bss)
 .bss           0x0001014c        0x0 startup.o
 .bss           0x0001014c        0x0 app.o
 .bss           0x0001014c        0x0 uart.o
 *(COMMON)
                0x0001114c                . = (. + 0x1000)
                0x0001114c                stack_top = .
LOAD app.o
LOAD uart.o
LOAD startup.o
OUTPUT(learn-in-depth.elf elf32-littlearm)

.ARM.attributes
                0x00000000       0x2e
 .ARM.attributes
                0x00000000       0x22 startup.o
 .ARM.attributes
                0x00000022       0x32 app.o
 .ARM.attributes
                0x00000054       0x32 uart.o

.comment        0x00000000       0x7e
 .comment       0x00000000       0x7e app.o
                                 0x7f (size before relaxing)
 .comment       0x0000007e       0x7f uart.o

.debug_line     0x00000000       0xbd
 .debug_line    0x00000000       0x3a startup.o
 .debug_line    0x0000003a       0x40 app.o
 .debug_line    0x0000007a       0x43 uart.o

.debug_info     0x00000000      0x136
 .debug_info    0x00000000       0x26 startup.o
 .debug_info    0x00000026       0xa7 app.o
 .debug_info    0x000000cd       0x69 uart.o

.debug_abbrev   0x00000000       0xed
 .debug_abbrev  0x00000000       0x14 startup.o
 .debug_abbrev  0x00000014       0x7b app.o
 .debug_abbrev  0x0000008f       0x5e uart.o

.debug_aranges  0x00000000       0x60
 .debug_aranges
                0x00000000       0x20 startup.o
 .debug_aranges
                0x00000020       0x20 app.o
 .debug_aranges
                0x00000040       0x20 uart.o

.debug_str      0x00000000      0x12b
 .debug_str     0x00000000       0x5a startup.o
 .debug_str     0x0000005a       0xa6 app.o
                                 0xe7 (size before relaxing)
 .debug_str     0x00000100       0x2b uart.o
                                 0xe4 (size before relaxing)

.debug_frame    0x00000000       0x5c
 .debug_frame   0x00000000       0x2c app.o
 .debug_frame   0x0000002c       0x30 uart.o
